2025-04-04T09:30:23.405355+03:00 bandur-mihai-BOHK-WAX9X rsyslogd: [origin software="rsyslogd" swVersion="8.2312.0" x-pid="898" x-info="https://www.rsyslog.com"] rsyslogd was HUPed
2025-04-04T09:30:23.415679+03:00 bandur-mihai-BOHK-WAX9X systemd[1]: logrotate.service: Deactivated successfully.
2025-04-04T09:30:23.416071+03:00 bandur-mihai-BOHK-WAX9X systemd[1]: Finished logrotate.service - Rotate log files.
2025-04-04T09:30:23.512505+03:00 bandur-mihai-BOHK-WAX9X kernel: Bluetooth: hci0: AOSP extensions version v1.00
2025-04-04T09:30:23.512523+03:00 bandur-mihai-BOHK-WAX9X kernel: Bluetooth: hci0: AOSP quality report is supported
2025-04-04T09:30:23.523490+03:00 bandur-mihai-BOHK-WAX9X kernel: Bluetooth: MGMT ver 1.23
2025-04-04T09:30:23.523690+03:00 bandur-mihai-BOHK-WAX9X bluetoothd[824]: Battery Provider Manager created
2025-04-04T09:30:23.524071+03:00 bandur-mihai-BOHK-WAX9X bluetoothd[824]: profiles/sap/server.c:sap_server_register() Sap driver initialization failed.
2025-04-04T09:30:23.524215+03:00 bandur-mihai-BOHK-WAX9X bluetoothd[824]: sap-server: Operation not permitted (1)
2025-04-04T09:30:23.537082+03:00 bandur-mihai-BOHK-WAX9X bluetoothd[824]: Failed to set mode: Failed (0x03)
2025-04-04T09:30:23.541902+03:00 bandur-mihai-BOHK-WAX9X bluetoothd[824]: Endpoint registered: sender=:1.86 path=/MediaEndpoint/A2DPSource/ldac
2025-04-04T09:30:23.542108+03:00 bandur-mihai-BOHK-WAX9X bluetoothd[824]: Endpoint registered: sender=:1.86 path=/MediaEndpoint/A2DPSink/aptx_hd
2025-04-04T09:30:23.542361+03:00 bandur-mihai-BOHK-WAX9X bluetoothd[824]: Endpoint registered: sender=:1.86 path=/MediaEndpoint/A2DPSource/aptx_hd
2025-04-04T09:30:23.542586+03:00 bandur-mihai-BOHK-WAX9X bluetoothd[824]: Endpoint registered: sender=:1.86 path=/MediaEndpoint/A2DPSink/aptx
2025-04-04T09:30:23.542882+03:00 bandur-mihai-BOHK-WAX9X bluetoothd[824]: Endpoint registered: sender=:1.86 path=/MediaEndpoint/A2DPSource/aptx
2025-04-04T09:30:23.543389+03:00 bandur-mihai-BOHK-WAX9X bluetoothd[824]: Endpoint registered: sender=:1.86 path=/MediaEndpoint/A2DPSink/sbc
2025-04-04T09:30:23.543741+03:00 bandur-mihai-BOHK-WAX9X bluetoothd[824]: Endpoint registered: sender=:1.86 path=/MediaEndpoint/A2DPSource/sbc
2025-04-04T09:30:23.544067+03:00 bandur-mihai-BOHK-WAX9X bluetoothd[824]: Endpoint registered: sender=:1.86 path=/MediaEndpoint/A2DPSink/sbc_xq
2025-04-04T09:30:23.544372+03:00 bandur-mihai-BOHK-WAX9X bluetoothd[824]: Endpoint registered: sender=:1.86 path=/MediaEndpoint/A2DPSource/sbc_xq
2025-04-04T09:30:23.544782+03:00 bandur-mihai-BOHK-WAX9X bluetoothd[824]: Endpoint registered: sender=:1.86 path=/MediaEndpoint/A2DPSource/aptx_ll_1
2025-04-04T09:30:23.545100+03:00 bandur-mihai-BOHK-WAX9X bluetoothd[824]: Endpoint registered: sender=:1.86 path=/MediaEndpoint/A2DPSource/aptx_ll_0
2025-04-04T09:30:23.545398+03:00 bandur-mihai-BOHK-WAX9X bluetoothd[824]: Endpoint registered: sender=:1.86 path=/MediaEndpoint/A2DPSource/aptx_ll_duplex_1
2025-04-04T09:30:23.545641+03:00 bandur-mihai-BOHK-WAX9X bluetoothd[824]: Endpoint registered: sender=:1.86 path=/MediaEndpoint/A2DPSource/aptx_ll_duplex_0
2025-04-04T09:30:23.545858+03:00 bandur-mihai-BOHK-WAX9X bluetoothd[824]: Endpoint registered: sender=:1.86 path=/MediaEndpoint/A2DPSource/faststream
2025-04-04T09:30:23.546085+03:00 bandur-mihai-BOHK-WAX9X bluetoothd[824]: Endpoint registered: sender=:1.86 path=/MediaEndpoint/A2DPSource/faststream_duplex
2025-04-04T09:30:23.546334+03:00 bandur-mihai-BOHK-WAX9X bluetoothd[824]: Endpoint registered: sender=:1.86 path=/MediaEndpoint/A2DPSink/opus_05
2025-04-04T09:30:23.546857+03:00 bandur-mihai-BOHK-WAX9X bluetoothd[824]: Endpoint registered: sender=:1.86 path=/MediaEndpoint/A2DPSource/opus_05
2025-04-04T09:30:23.547118+03:00 bandur-mihai-BOHK-WAX9X bluetoothd[824]: Endpoint registered: sender=:1.86 path=/MediaEndpoint/A2DPSink/opus_05_duplex
2025-04-04T09:30:23.547401+03:00 bandur-mihai-BOHK-WAX9X bluetoothd[824]: Endpoint registered: sender=:1.86 path=/MediaEndpoint/A2DPSource/opus_05_duplex
2025-04-04T09:30:23.858596+03:00 bandur-mihai-BOHK-WAX9X rtkit-daemon[1393]: Supervising 7 threads of 4 processes of 1 users.
2025-04-04T09:30:23.859839+03:00 bandur-mihai-BOHK-WAX9X rtkit-daemon[1393]: Supervising 7 threads of 4 processes of 1 users.
2025-04-04T09:30:23.867266+03:00 bandur-mihai-BOHK-WAX9X rtkit-daemon[1393]: Successfully made thread 2503 of process 2464 owned by '1000' RT at priority 20.
2025-04-04T09:30:23.867471+03:00 bandur-mihai-BOHK-WAX9X rtkit-daemon[1393]: Supervising 8 threads of 5 processes of 1 users.
2025-04-04T09:30:26.674300+03:00 bandur-mihai-BOHK-WAX9X NetworkManager[874]: <info>  [1743748226.6736] policy: auto-activating connection 'eduroam' (a9c12580-790a-4c0d-b942-1089b95dee52)
2025-04-04T09:30:26.674924+03:00 bandur-mihai-BOHK-WAX9X NetworkManager[874]: <info>  [1743748226.6747] device (wlp2s0): Activation: starting connection 'eduroam' (a9c12580-790a-4c0d-b942-1089b95dee52)
2025-04-04T09:30:26.675148+03:00 bandur-mihai-BOHK-WAX9X NetworkManager[874]: <info>  [1743748226.6749] device (wlp2s0): state change: disconnected -> prepare (reason 'none', sys-iface-state: 'managed')
2025-04-04T09:30:26.675697+03:00 bandur-mihai-BOHK-WAX9X NetworkManager[874]: <info>  [1743748226.6755] manager: NetworkManager state is now CONNECTING
2025-04-04T09:30:26.676151+03:00 bandur-mihai-BOHK-WAX9X NetworkManager[874]: <info>  [1743748226.6760] device (wlp2s0): state change: prepare -> config (reason 'none', sys-iface-state: 'managed')
2025-04-04T09:30:26.677047+03:00 bandur-mihai-BOHK-WAX9X NetworkManager[874]: <info>  [1743748226.6766] device (wlp2s0): Activation: (wifi) access point 'eduroam' has security, but secrets are required.
2025-04-04T09:30:26.677299+03:00 bandur-mihai-BOHK-WAX9X NetworkManager[874]: <info>  [1743748226.6767] device (wlp2s0): state change: config -> need-auth (reason 'none', sys-iface-state: 'managed')
2025-04-04T09:30:26.678980+03:00 bandur-mihai-BOHK-WAX9X NetworkManager[874]: <info>  [1743748226.6787] device (wlp2s0): state change: need-auth -> prepare (reason 'none', sys-iface-state: 'managed')
2025-04-04T09:30:26.679253+03:00 bandur-mihai-BOHK-WAX9X NetworkManager[874]: <info>  [1743748226.6791] device (wlp2s0): state change: prepare -> config (reason 'none', sys-iface-state: 'managed')
2025-04-04T09:30:26.679694+03:00 bandur-mihai-BOHK-WAX9X NetworkManager[874]: <info>  [1743748226.6795] device (wlp2s0): Activation: (wifi) connection 'eduroam' has security, and secrets exist.  No new secrets needed.
2025-04-04T09:30:26.679985+03:00 bandur-mihai-BOHK-WAX9X NetworkManager[874]: <info>  [1743748226.6796] Config: added 'ssid' value 'eduroam'
2025-04-04T09:30:26.680248+03:00 bandur-mihai-BOHK-WAX9X NetworkManager[874]: <info>  [1743748226.6796] Config: added 'scan_ssid' value '1'
2025-04-04T09:30:26.680499+03:00 bandur-mihai-BOHK-WAX9X NetworkManager[874]: <info>  [1743748226.6797] Config: added 'bgscan' value 'simple:30:-65:300'
2025-04-04T09:30:26.680742+03:00 bandur-mihai-BOHK-WAX9X NetworkManager[874]: <info>  [1743748226.6797] Config: added 'key_mgmt' value 'WPA-EAP FT-EAP FT-EAP-SHA384 WPA-EAP-SHA256'
2025-04-04T09:30:26.680975+03:00 bandur-mihai-BOHK-WAX9X NetworkManager[874]: <info>  [1743748226.6797] Config: added 'auth_alg' value 'OPEN'
2025-04-04T09:30:26.681231+03:00 bandur-mihai-BOHK-WAX9X NetworkManager[874]: <info>  [1743748226.6797] Config: added 'password' value '<hidden>'
2025-04-04T09:30:26.681380+03:00 bandur-mihai-BOHK-WAX9X NetworkManager[874]: <info>  [1743748226.6798] Config: added 'eap' value 'TTLS'
2025-04-04T09:30:26.681550+03:00 bandur-mihai-BOHK-WAX9X NetworkManager[874]: <info>  [1743748226.6798] Config: added 'fragment_size' value '1266'
2025-04-04T09:30:26.681741+03:00 bandur-mihai-BOHK-WAX9X NetworkManager[874]: <info>  [1743748226.6798] Config: added 'phase2' value 'auth=MSCHAPV2'
2025-04-04T09:30:26.681970+03:00 bandur-mihai-BOHK-WAX9X NetworkManager[874]: <info>  [1743748226.6799] Config: added 'identity' value 'mihai.bandur@student.tuiasi.ro'
2025-04-04T09:30:26.682150+03:00 bandur-mihai-BOHK-WAX9X NetworkManager[874]: <info>  [1743748226.6799] Config: added 'proactive_key_caching' value '1'
2025-04-04T09:30:26.697194+03:00 bandur-mihai-BOHK-WAX9X wpa_supplicant[875]: wlp2s0: SME: Trying to authenticate with a4:6d:a4:fc:5b:50 (SSID='eduroam' freq=5660 MHz)
2025-04-04T09:30:26.902496+03:00 bandur-mihai-BOHK-WAX9X kernel: wlp2s0: authenticate with a4:6d:a4:fc:5b:50 (local address=1c:bf:c0:30:1e:d5)
2025-04-04T09:30:26.975505+03:00 bandur-mihai-BOHK-WAX9X kernel: wlp2s0: send auth to a4:6d:a4:fc:5b:50 (try 1/3)
2025-04-04T09:30:26.975488+03:00 bandur-mihai-BOHK-WAX9X NetworkManager[874]: <info>  [1743748226.9752] device (wlp2s0): supplicant interface state: disconnected -> authenticating
2025-04-04T09:30:26.979486+03:00 bandur-mihai-BOHK-WAX9X kernel: wlp2s0: send auth to a4:6d:a4:fc:5b:50 (try 2/3)
2025-04-04T09:30:26.986486+03:00 bandur-mihai-BOHK-WAX9X kernel: wlp2s0: send auth to a4:6d:a4:fc:5b:50 (try 3/3)
2025-04-04T09:30:26.992489+03:00 bandur-mihai-BOHK-WAX9X kernel: wlp2s0: authentication with a4:6d:a4:fc:5b:50 timed out
2025-04-04T09:30:26.998447+03:00 bandur-mihai-BOHK-WAX9X wpa_supplicant[875]: BSSID a4:6d:a4:fc:5b:50 ignore list count incremented to 2, ignoring for 10 seconds
2025-04-04T09:30:27.004600+03:00 bandur-mihai-BOHK-WAX9X NetworkManager[874]: <info>  [1743748227.0043] device (wlp2s0): supplicant interface state: authenticating -> disconnected
2025-04-04T09:30:27.092775+03:00 bandur-mihai-BOHK-WAX9X ModemManager[1048]: <msg> [base-manager] couldn't check support for device '/sys/devices/pci0000:00/0000:00:01.7/0000:02:00.0': not supported by any plugin
2025-04-04T09:30:27.297658+03:00 bandur-mihai-BOHK-WAX9X NetworkManager[874]: <info>  [1743748227.2973] device (wlp2s0): supplicant interface state: disconnected -> scanning
2025-04-04T09:30:27.550637+03:00 bandur-mihai-BOHK-WAX9X wpa_supplicant[875]: wlp2s0: SME: Trying to authenticate with c0:e3:fb:3d:01:60 (SSID='eduroam' freq=5500 MHz)
2025-04-04T09:30:27.746498+03:00 bandur-mihai-BOHK-WAX9X kernel: wlp2s0: authenticate with c0:e3:fb:3d:01:60 (local address=1c:bf:c0:30:1e:d5)
2025-04-04T09:30:27.873507+03:00 bandur-mihai-BOHK-WAX9X kernel: rtw_8822ce 0000:02:00.0: failed to do dpk calibration
2025-04-04T09:30:27.910506+03:00 bandur-mihai-BOHK-WAX9X kernel: wlp2s0: send auth to c0:e3:fb:3d:01:60 (try 1/3)
2025-04-04T09:30:27.911909+03:00 bandur-mihai-BOHK-WAX9X NetworkManager[874]: <info>  [1743748227.9111] device (wlp2s0): supplicant interface state: scanning -> authenticating
2025-04-04T09:30:27.914526+03:00 bandur-mihai-BOHK-WAX9X kernel: wlp2s0: send auth to c0:e3:fb:3d:01:60 (try 2/3)
2025-04-04T09:30:27.921508+03:00 bandur-mihai-BOHK-WAX9X kernel: wlp2s0: send auth to c0:e3:fb:3d:01:60 (try 3/3)
2025-04-04T09:30:27.927501+03:00 bandur-mihai-BOHK-WAX9X kernel: wlp2s0: authentication with c0:e3:fb:3d:01:60 timed out
2025-04-04T09:30:27.937799+03:00 bandur-mihai-BOHK-WAX9X wpa_supplicant[875]: BSSID c0:e3:fb:3d:01:60 ignore list count incremented to 2, ignoring for 10 seconds
2025-04-04T09:30:27.943482+03:00 bandur-mihai-BOHK-WAX9X NetworkManager[874]: <info>  [1743748227.9433] device (wlp2s0): supplicant interface state: authenticating -> disconnected
2025-04-04T09:30:27.978007+03:00 bandur-mihai-BOHK-WAX9X systemd[1]: systemd-rfkill.service: Deactivated successfully.
2025-04-04T09:30:28.643505+03:00 bandur-mihai-BOHK-WAX9X NetworkManager[874]: <info>  [1743748228.6432] device (wlp2s0): supplicant interface state: disconnected -> scanning
2025-04-04T09:30:28.785250+03:00 bandur-mihai-BOHK-WAX9X wpa_supplicant[875]: wlp2s0: SME: Trying to authenticate with 04:f3:52:d8:b0:10 (SSID='eduroam' freq=5600 MHz)
2025-04-04T09:30:28.989540+03:00 bandur-mihai-BOHK-WAX9X kernel: wlp2s0: authenticate with 04:f3:52:d8:b0:10 (local address=1c:bf:c0:30:1e:d5)
2025-04-04T09:30:29.157561+03:00 bandur-mihai-BOHK-WAX9X kernel: rtw_8822ce 0000:02:00.0: failed to do dpk calibration
2025-04-04T09:30:29.195534+03:00 bandur-mihai-BOHK-WAX9X kernel: wlp2s0: send auth to 04:f3:52:d8:b0:10 (try 1/3)
2025-04-04T09:30:29.196773+03:00 bandur-mihai-BOHK-WAX9X NetworkManager[874]: <info>  [1743748229.1961] device (wlp2s0): supplicant interface state: scanning -> authenticating
2025-04-04T09:30:29.199605+03:00 bandur-mihai-BOHK-WAX9X kernel: wlp2s0: send auth to 04:f3:52:d8:b0:10 (try 2/3)
2025-04-04T09:30:29.206503+03:00 bandur-mihai-BOHK-WAX9X kernel: wlp2s0: send auth to 04:f3:52:d8:b0:10 (try 3/3)
2025-04-04T09:30:29.213492+03:00 bandur-mihai-BOHK-WAX9X kernel: wlp2s0: authentication with 04:f3:52:d8:b0:10 timed out
2025-04-04T09:30:29.231158+03:00 bandur-mihai-BOHK-WAX9X NetworkManager[874]: <info>  [1743748229.2309] device (wlp2s0): supplicant interface state: authenticating -> disconnected
2025-04-04T09:30:30.434200+03:00 bandur-mihai-BOHK-WAX9X NetworkManager[874]: <info>  [1743748230.4335] device (wlp2s0): supplicant interface state: disconnected -> scanning
2025-04-04T09:30:31.242104+03:00 bandur-mihai-BOHK-WAX9X systemd[1]: NetworkManager-dispatcher.service: Deactivated successfully.
2025-04-04T09:30:33.606317+03:00 bandur-mihai-BOHK-WAX9X wpa_supplicant[875]: wlp2s0: SME: Trying to authenticate with c0:e3:fb:33:c6:40 (SSID='eduroam' freq=5640 MHz)
2025-04-04T09:30:33.811508+03:00 bandur-mihai-BOHK-WAX9X kernel: wlp2s0: authenticate with c0:e3:fb:33:c6:40 (local address=1c:bf:c0:30:1e:d5)
2025-04-04T09:30:33.980562+03:00 bandur-mihai-BOHK-WAX9X kernel: wlp2s0: send auth to c0:e3:fb:33:c6:40 (try 1/3)
2025-04-04T09:30:33.981578+03:00 bandur-mihai-BOHK-WAX9X NetworkManager[874]: <info>  [1743748233.9810] device (wlp2s0): supplicant interface state: scanning -> authenticating
2025-04-04T09:30:33.984518+03:00 bandur-mihai-BOHK-WAX9X kernel: wlp2s0: send auth to c0:e3:fb:33:c6:40 (try 2/3)
2025-04-04T09:30:33.991509+03:00 bandur-mihai-BOHK-WAX9X kernel: wlp2s0: send auth to c0:e3:fb:33:c6:40 (try 3/3)
2025-04-04T09:30:33.997495+03:00 bandur-mihai-BOHK-WAX9X kernel: wlp2s0: authentication with c0:e3:fb:33:c6:40 timed out
2025-04-04T09:30:34.012444+03:00 bandur-mihai-BOHK-WAX9X wpa_supplicant[875]: wlp2s0: CTRL-EVENT-SSID-TEMP-DISABLED id=0 ssid="eduroam" auth_failures=1 duration=10 reason=CONN_FAILED
2025-04-04T09:30:34.018577+03:00 bandur-mihai-BOHK-WAX9X NetworkManager[874]: <info>  [1743748234.0183] device (wlp2s0): supplicant interface state: authenticating -> disconnected
2025-04-04T09:30:34.423033+03:00 bandur-mihai-BOHK-WAX9X dbus-daemon[2250]: [session uid=1000 pid=2250] Activating service name='org.freedesktop.FileManager1' requested by ':1.34' (uid=1000 pid=2464 comm="/usr/bin/gnome-shell" label="unconfined")
2025-04-04T09:30:34.476585+03:00 bandur-mihai-BOHK-WAX9X nautilus[12548]: Connecting to org.freedesktop.Tracker3.Miner.Files
2025-04-04T09:30:34.476857+03:00 bandur-mihai-BOHK-WAX9X dbus-daemon[2250]: [session uid=1000 pid=2250] Successfully activated service 'org.freedesktop.FileManager1'
2025-04-04T09:30:34.580897+03:00 bandur-mihai-BOHK-WAX9X gnome-shell[2464]: Launching DING process
2025-04-04T09:30:34.589821+03:00 bandur-mihai-BOHK-WAX9X NetworkManager[874]: <info>  [1743748234.5896] agent-manager: agent[04064416b2d7e118,:1.89/org.gnome.Shell.NetworkAgent/1000]: agent registered
2025-04-04T09:30:34.881248+03:00 bandur-mihai-BOHK-WAX9X dbus-daemon[2250]: [session uid=1000 pid=2250] Activating service name='org.gnome.ArchiveManager1' requested by ':1.168' (uid=1000 pid=12562 comm="gjs /usr/share/gnome-shell/extensions/ding@rasters" label="unconfined")
2025-04-04T09:30:35.119013+03:00 bandur-mihai-BOHK-WAX9X gnome-shell[2464]: DING: Detected async api for thumbnails
2025-04-04T09:30:35.124031+03:00 bandur-mihai-BOHK-WAX9X gnome-shell[2464]: DING: (gjs:12562): Gjs-WARNING **: 09:30:34.985: GLib.unix_signal_add has been moved to a separate platform-specific library. Please update your code to use GLibUnix.signal_add instead.
2025-04-04T09:30:35.125309+03:00 bandur-mihai-BOHK-WAX9X gnome-shell[2464]: DING: 0 DesktopManager() ["/usr/share/gnome-shell/extensions/ding@rastersoft.com/app/desktopManager.js":263:12]
2025-04-04T09:30:35.125534+03:00 bandur-mihai-BOHK-WAX9X gnome-shell[2464]: DING: 1 anonymous() ["/usr/share/gnome-shell/extensions/ding@rastersoft.com/app/ding.js":180:25]
2025-04-04T09:30:35.125654+03:00 bandur-mihai-BOHK-WAX9X gnome-shell[2464]: DING: 2 anonymous() ["/usr/share/gnome-shell/extensions/ding@rastersoft.com/app/ding.js":197:20]
2025-04-04T09:30:35.125748+03:00 bandur-mihai-BOHK-WAX9X gnome-shell[2464]: DING: 3 <TOP LEVEL> ["/usr/share/gnome-shell/extensions/ding@rastersoft.com/app/ding.js":206:12]
2025-04-04T09:30:35.125880+03:00 bandur-mihai-BOHK-WAX9X gnome-shell[2464]: DING: ** Message: 09:30:35.029: Connecting to org.freedesktop.Tracker3.Miner.Files
2025-04-04T09:30:35.126026+03:00 bandur-mihai-BOHK-WAX9X gnome-shell[2464]: DING: DBus interface for Switcheroo control (net.hadess.SwitcherooControl) is now available.
2025-04-04T09:30:35.126573+03:00 bandur-mihai-BOHK-WAX9X gnome-shell[2464]: DING: DBus interface for Nautilus (org.gnome.Nautilus.FileOperations2) is now available.
2025-04-04T09:30:35.126715+03:00 bandur-mihai-BOHK-WAX9X gnome-shell[2464]: DING: DBus interface for Nautilus (org.freedesktop.FileManager1) is now available.
2025-04-04T09:30:35.126808+03:00 bandur-mihai-BOHK-WAX9X gnome-shell[2464]: DING: DBus interface for Gvfs daemon (org.gtk.vfs.Metadata) is now available.
2025-04-04T09:30:35.126882+03:00 bandur-mihai-BOHK-WAX9X gnome-shell[2464]: DING: GNOME nautilus 46.2
2025-04-04T09:30:35.177441+03:00 bandur-mihai-BOHK-WAX9X gnome-shell[2464]: Received notification for window. 0 notifications remaining.
2025-04-04T09:30:35.203192+03:00 bandur-mihai-BOHK-WAX9X gnome-shell[2464]: Window manager warning: Overwriting existing binding of keysym 31 with keysym 31 (keycode a).
2025-04-04T09:30:35.203407+03:00 bandur-mihai-BOHK-WAX9X gnome-shell[2464]: Window manager warning: Overwriting existing binding of keysym 36 with keysym 36 (keycode f).
2025-04-04T09:30:35.203861+03:00 bandur-mihai-BOHK-WAX9X gnome-shell[2464]: Window manager warning: Overwriting existing binding of keysym 32 with keysym 32 (keycode b).
2025-04-04T09:30:35.203931+03:00 bandur-mihai-BOHK-WAX9X gnome-shell[2464]: Window manager warning: Overwriting existing binding of keysym 33 with keysym 33 (keycode c).
2025-04-04T09:30:35.203988+03:00 bandur-mihai-BOHK-WAX9X gnome-shell[2464]: Window manager warning: Overwriting existing binding of keysym 34 with keysym 34 (keycode d).
2025-04-04T09:30:35.204051+03:00 bandur-mihai-BOHK-WAX9X gnome-shell[2464]: Window manager warning: Overwriting existing binding of keysym 35 with keysym 35 (keycode e).
2025-04-04T09:30:35.204092+03:00 bandur-mihai-BOHK-WAX9X gnome-shell[2464]: Window manager warning: Overwriting existing binding of keysym 31 with keysym 31 (keycode a).
2025-04-04T09:30:35.204162+03:00 bandur-mihai-BOHK-WAX9X gnome-shell[2464]: Window manager warning: Overwriting existing binding of keysym 32 with keysym 32 (keycode b).
2025-04-04T09:30:35.204204+03:00 bandur-mihai-BOHK-WAX9X gnome-shell[2464]: Window manager warning: Overwriting existing binding of keysym 38 with keysym 38 (keycode 11).
2025-04-04T09:30:35.204247+03:00 bandur-mihai-BOHK-WAX9X gnome-shell[2464]: Window manager warning: Overwriting existing binding of keysym 33 with keysym 33 (keycode c).
2025-04-04T09:30:35.204325+03:00 bandur-mihai-BOHK-WAX9X gnome-shell[2464]: Window manager warning: Overwriting existing binding of keysym 36 with keysym 36 (keycode f).
2025-04-04T09:30:35.204365+03:00 bandur-mihai-BOHK-WAX9X gnome-shell[2464]: Window manager warning: Overwriting existing binding of keysym 37 with keysym 37 (keycode 10).
2025-04-04T09:30:35.204407+03:00 bandur-mihai-BOHK-WAX9X gnome-shell[2464]: Window manager warning: Overwriting existing binding of keysym 34 with keysym 34 (keycode d).
2025-04-04T09:30:35.204440+03:00 bandur-mihai-BOHK-WAX9X gnome-shell[2464]: Window manager warning: Overwriting existing binding of keysym 38 with keysym 38 (keycode 11).
2025-04-04T09:30:35.204497+03:00 bandur-mihai-BOHK-WAX9X gnome-shell[2464]: Window manager warning: Overwriting existing binding of keysym 37 with keysym 37 (keycode 10).
2025-04-04T09:30:35.204561+03:00 bandur-mihai-BOHK-WAX9X gnome-shell[2464]: Window manager warning: Overwriting existing binding of keysym 35 with keysym 35 (keycode e).
2025-04-04T09:30:35.204598+03:00 bandur-mihai-BOHK-WAX9X gnome-shell[2464]: Window manager warning: Overwriting existing binding of keysym 39 with keysym 39 (keycode 12).
2025-04-04T09:30:35.204635+03:00 bandur-mihai-BOHK-WAX9X gnome-shell[2464]: Window manager warning: Overwriting existing binding of keysym 39 with keysym 39 (keycode 12).
2025-04-04T09:30:35.291400+03:00 bandur-mihai-BOHK-WAX9X dbus-daemon[2250]: [session uid=1000 pid=2250] Successfully activated service 'org.gnome.ArchiveManager1'
2025-04-04T09:30:35.295248+03:00 bandur-mihai-BOHK-WAX9X gnome-shell[2464]: DING: DBus interface for File-roller (org.gnome.ArchiveManager1) is now available.
2025-04-04T09:30:39.223998+03:00 bandur-mihai-BOHK-WAX9X NetworkManager[874]: <info>  [1743748239.2233] device (wlp2s0): supplicant interface state: disconnected -> scanning
2025-04-04T09:30:40.510052+03:00 bandur-mihai-BOHK-WAX9X systemd[2215]: Started app-gnome-gnome\x2dpower\x2dpanel-12617.scope - Application launched by gnome-shell.
2025-04-04T09:30:40.956149+03:00 bandur-mihai-BOHK-WAX9X dbus-daemon[825]: [system] Activating via systemd: service name='org.freedesktop.hostname1' unit='dbus-org.freedesktop.hostname1.service' requested by ':1.222' (uid=1000 pid=12617 comm="/usr/bin/gnome-control-center power" label="unconfined")
2025-04-04T09:30:40.984003+03:00 bandur-mihai-BOHK-WAX9X systemd[1]: Starting systemd-hostnamed.service - Hostname Service...
2025-04-04T09:30:41.058689+03:00 bandur-mihai-BOHK-WAX9X dbus-daemon[825]: [system] Successfully activated service 'org.freedesktop.hostname1'
2025-04-04T09:30:41.059154+03:00 bandur-mihai-BOHK-WAX9X systemd[1]: Started systemd-hostnamed.service - Hostname Service.
2025-04-04T09:30:41.143070+03:00 bandur-mihai-BOHK-WAX9X gnome-shell[2464]: meta_window_set_stack_position_no_sync: assertion 'window->stack_position >= 0' failed
2025-04-04T09:30:43.375628+03:00 bandur-mihai-BOHK-WAX9X wpa_supplicant[875]: wlp2s0: CTRL-EVENT-SSID-REENABLED id=0 ssid="eduroam"
2025-04-04T09:30:43.376483+03:00 bandur-mihai-BOHK-WAX9X wpa_supplicant[875]: wlp2s0: SME: Trying to authenticate with a4:6d:a4:fc:5b:50 (SSID='eduroam' freq=5660 MHz)
2025-04-04T09:30:43.580533+03:00 bandur-mihai-BOHK-WAX9X kernel: wlp2s0: authenticate with a4:6d:a4:fc:5b:50 (local address=1c:bf:c0:30:1e:d5)
2025-04-04T09:30:43.746555+03:00 bandur-mihai-BOHK-WAX9X kernel: wlp2s0: send auth to a4:6d:a4:fc:5b:50 (try 1/3)
2025-04-04T09:30:43.747207+03:00 bandur-mihai-BOHK-WAX9X NetworkManager[874]: <info>  [1743748243.7466] device (wlp2s0): supplicant interface state: scanning -> authenticating
2025-04-04T09:30:43.751519+03:00 bandur-mihai-BOHK-WAX9X kernel: wlp2s0: send auth to a4:6d:a4:fc:5b:50 (try 2/3)
2025-04-04T09:30:43.758534+03:00 bandur-mihai-BOHK-WAX9X kernel: wlp2s0: send auth to a4:6d:a4:fc:5b:50 (try 3/3)
2025-04-04T09:30:43.764521+03:00 bandur-mihai-BOHK-WAX9X kernel: wlp2s0: authentication with a4:6d:a4:fc:5b:50 timed out
2025-04-04T09:30:43.774484+03:00 bandur-mihai-BOHK-WAX9X wpa_supplicant[875]: BSSID a4:6d:a4:fc:5b:50 ignore list count incremented to 3, ignoring for 60 seconds
2025-04-04T09:30:43.774651+03:00 bandur-mihai-BOHK-WAX9X wpa_supplicant[875]: wlp2s0: CTRL-EVENT-SSID-TEMP-DISABLED id=0 ssid="eduroam" auth_failures=2 duration=35 reason=CONN_FAILED
2025-04-04T09:30:43.781011+03:00 bandur-mihai-BOHK-WAX9X NetworkManager[874]: <info>  [1743748243.7807] device (wlp2s0): supplicant interface state: authenticating -> disconnected
2025-04-04T09:30:44.575257+03:00 bandur-mihai-BOHK-WAX9X CRON[12677]: (root) CMD ([ -x /etc/init.d/anacron ] && if [ ! -d /run/systemd/system ]; then /usr/sbin/invoke-rc.d anacron start >/dev/null; fi)
2025-04-04T09:30:51.503175+03:00 bandur-mihai-BOHK-WAX9X NetworkManager[874]: <warn>  [1743748251.5021] device (wlp2s0): Activation: (wifi) association took too long, failing activation
2025-04-04T09:30:51.503596+03:00 bandur-mihai-BOHK-WAX9X NetworkManager[874]: <info>  [1743748251.5022] device (wlp2s0): state change: config -> failed (reason 'ssid-not-found', sys-iface-state: 'managed')
2025-04-04T09:30:51.503845+03:00 bandur-mihai-BOHK-WAX9X NetworkManager[874]: <info>  [1743748251.5027] manager: NetworkManager state is now DISCONNECTED
2025-04-04T09:30:51.504110+03:00 bandur-mihai-BOHK-WAX9X NetworkManager[874]: <warn>  [1743748251.5032] device (wlp2s0): Activation: failed for connection 'eduroam'
2025-04-04T09:30:51.504321+03:00 bandur-mihai-BOHK-WAX9X NetworkManager[874]: <info>  [1743748251.5036] device (wlp2s0): state change: failed -> disconnected (reason 'none', sys-iface-state: 'managed')
2025-04-04T09:30:53.081308+03:00 bandur-mihai-BOHK-WAX9X apt-helper[12342]: E: Sub-process nm-online returned an error code (1)
2025-04-04T09:30:53.718412+03:00 bandur-mihai-BOHK-WAX9X systemd[1]: Starting apt-news.service - Update APT News...
2025-04-04T09:30:53.728143+03:00 bandur-mihai-BOHK-WAX9X systemd[1]: Starting esm-cache.service - Update the local ESM caches...
2025-04-04T09:30:53.964222+03:00 bandur-mihai-BOHK-WAX9X python3[12726]: ["2025-04-04T09:30:53.963", "WARNING", "ubuntupro.apt", "fail", 933, "Failed to fetch ESM Apt Cache item: https://esm.ubuntu.com/apps/ubuntu/dists/noble-apps-security/InRelease", {}]
2025-04-04T09:30:53.964671+03:00 bandur-mihai-BOHK-WAX9X python3[12726]: ["2025-04-04T09:30:53.964", "WARNING", "ubuntupro.apt", "fail", 933, "Failed to fetch ESM Apt Cache item: https://esm.ubuntu.com/apps/ubuntu/dists/noble-apps-updates/InRelease", {}]
2025-04-04T09:30:54.947672+03:00 bandur-mihai-BOHK-WAX9X NetworkManager[874]: <info>  [1743748254.9468] policy: auto-activating connection 'eduroam' (a9c12580-790a-4c0d-b942-1089b95dee52)
2025-04-04T09:30:54.948268+03:00 bandur-mihai-BOHK-WAX9X NetworkManager[874]: <info>  [1743748254.9480] device (wlp2s0): Activation: starting connection 'eduroam' (a9c12580-790a-4c0d-b942-1089b95dee52)
2025-04-04T09:30:54.948603+03:00 bandur-mihai-BOHK-WAX9X NetworkManager[874]: <info>  [1743748254.9483] device (wlp2s0): state change: disconnected -> prepare (reason 'none', sys-iface-state: 'managed')
2025-04-04T09:30:54.949139+03:00 bandur-mihai-BOHK-WAX9X NetworkManager[874]: <info>  [1743748254.9489] manager: NetworkManager state is now CONNECTING
2025-04-04T09:30:54.949772+03:00 bandur-mihai-BOHK-WAX9X NetworkManager[874]: <info>  [1743748254.9496] device (wlp2s0): state change: prepare -> config (reason 'none', sys-iface-state: 'managed')
2025-04-04T09:30:54.950423+03:00 bandur-mihai-BOHK-WAX9X NetworkManager[874]: <info>  [1743748254.9502] device (wlp2s0): Activation: (wifi) access point 'eduroam' has security, but secrets are required.
2025-04-04T09:30:54.950715+03:00 bandur-mihai-BOHK-WAX9X NetworkManager[874]: <info>  [1743748254.9503] device (wlp2s0): state change: config -> need-auth (reason 'none', sys-iface-state: 'managed')
2025-04-04T09:30:54.953230+03:00 bandur-mihai-BOHK-WAX9X NetworkManager[874]: <info>  [1743748254.9530] device (wlp2s0): state change: need-auth -> prepare (reason 'none', sys-iface-state: 'managed')
2025-04-04T09:30:54.953925+03:00 bandur-mihai-BOHK-WAX9X NetworkManager[874]: <info>  [1743748254.9537] device (wlp2s0): state change: prepare -> config (reason 'none', sys-iface-state: 'managed')
2025-04-04T09:30:54.954563+03:00 bandur-mihai-BOHK-WAX9X NetworkManager[874]: <info>  [1743748254.9543] device (wlp2s0): Activation: (wifi) connection 'eduroam' has security, and secrets exist.  No new secrets needed.
2025-04-04T09:30:54.954824+03:00 bandur-mihai-BOHK-WAX9X NetworkManager[874]: <info>  [1743748254.9545] Config: added 'ssid' value 'eduroam'
2025-04-04T09:30:54.955061+03:00 bandur-mihai-BOHK-WAX9X NetworkManager[874]: <info>  [1743748254.9545] Config: added 'scan_ssid' value '1'
2025-04-04T09:30:54.955253+03:00 bandur-mihai-BOHK-WAX9X NetworkManager[874]: <info>  [1743748254.9546] Config: added 'bgscan' value 'simple:30:-65:300'
2025-04-04T09:30:54.955429+03:00 bandur-mihai-BOHK-WAX9X NetworkManager[874]: <info>  [1743748254.9546] Config: added 'key_mgmt' value 'WPA-EAP FT-EAP FT-EAP-SHA384 WPA-EAP-SHA256'
2025-04-04T09:30:54.955710+03:00 bandur-mihai-BOHK-WAX9X NetworkManager[874]: <info>  [1743748254.9546] Config: added 'auth_alg' value 'OPEN'
2025-04-04T09:30:54.955927+03:00 bandur-mihai-BOHK-WAX9X NetworkManager[874]: <info>  [1743748254.9547] Config: added 'password' value '<hidden>'
2025-04-04T09:30:54.956120+03:00 bandur-mihai-BOHK-WAX9X NetworkManager[874]: <info>  [1743748254.9547] Config: added 'eap' value 'TTLS'
2025-04-04T09:30:54.956321+03:00 bandur-mihai-BOHK-WAX9X NetworkManager[874]: <info>  [1743748254.9548] Config: added 'fragment_size' value '1266'
2025-04-04T09:30:54.956606+03:00 bandur-mihai-BOHK-WAX9X NetworkManager[874]: <info>  [1743748254.9548] Config: added 'phase2' value 'auth=MSCHAPV2'
2025-04-04T09:30:54.956832+03:00 bandur-mihai-BOHK-WAX9X NetworkManager[874]: <info>  [1743748254.9549] Config: added 'identity' value 'mihai.bandur@student.tuiasi.ro'
2025-04-04T09:30:54.957044+03:00 bandur-mihai-BOHK-WAX9X NetworkManager[874]: <info>  [1743748254.9549] Config: added 'proactive_key_caching' value '1'
2025-04-04T09:30:54.968406+03:00 bandur-mihai-BOHK-WAX9X python3[12726]: ["2025-04-04T09:30:54.967", "WARNING", "ubuntupro.apt", "fail", 933, "Failed to fetch ESM Apt Cache item: https://esm.ubuntu.com/apps/ubuntu/dists/noble-apps-security/InRelease", {}]
2025-04-04T09:30:54.968996+03:00 bandur-mihai-BOHK-WAX9X wpa_supplicant[875]: wlp2s0: SME: Trying to authenticate with a4:6d:a4:fc:5b:50 (SSID='eduroam' freq=5660 MHz)
2025-04-04T09:30:54.970568+03:00 bandur-mihai-BOHK-WAX9X python3[12726]: ["2025-04-04T09:30:54.970", "WARNING", "ubuntupro.apt", "fail", 933, "Failed to fetch ESM Apt Cache item: https://esm.ubuntu.com/apps/ubuntu/dists/noble-apps-updates/InRelease", {}]
2025-04-04T09:30:55.173511+03:00 bandur-mihai-BOHK-WAX9X kernel: wlp2s0: authenticate with a4:6d:a4:fc:5b:50 (local address=1c:bf:c0:30:1e:d5)
2025-04-04T09:30:55.234509+03:00 bandur-mihai-BOHK-WAX9X kernel: wlp2s0: send auth to a4:6d:a4:fc:5b:50 (try 1/3)
2025-04-04T09:30:55.234872+03:00 bandur-mihai-BOHK-WAX9X NetworkManager[874]: <info>  [1743748255.2347] device (wlp2s0): supplicant interface state: disconnected -> authenticating
2025-04-04T09:30:55.238545+03:00 bandur-mihai-BOHK-WAX9X kernel: wlp2s0: send auth to a4:6d:a4:fc:5b:50 (try 2/3)
2025-04-04T09:30:55.245528+03:00 bandur-mihai-BOHK-WAX9X kernel: wlp2s0: send auth to a4:6d:a4:fc:5b:50 (try 3/3)
2025-04-04T09:30:55.251545+03:00 bandur-mihai-BOHK-WAX9X kernel: wlp2s0: authentication with a4:6d:a4:fc:5b:50 timed out
2025-04-04T09:30:55.261388+03:00 bandur-mihai-BOHK-WAX9X wpa_supplicant[875]: BSSID a4:6d:a4:fc:5b:50 ignore list count incremented to 2, ignoring for 10 seconds
2025-04-04T09:30:55.261607+03:00 bandur-mihai-BOHK-WAX9X wpa_supplicant[875]: wlp2s0: CTRL-EVENT-SSID-TEMP-DISABLED id=0 ssid="eduroam" auth_failures=1 duration=10 reason=CONN_FAILED
2025-04-04T09:30:55.267871+03:00 bandur-mihai-BOHK-WAX9X NetworkManager[874]: <info>  [1743748255.2677] device (wlp2s0): supplicant interface state: authenticating -> disconnected
2025-04-04T09:30:56.972223+03:00 bandur-mihai-BOHK-WAX9X python3[12726]: ["2025-04-04T09:30:56.971", "WARNING", "ubuntupro.apt", "fail", 933, "Failed to fetch ESM Apt Cache item: https://esm.ubuntu.com/apps/ubuntu/dists/noble-apps-security/InRelease", {}]
2025-04-04T09:30:56.974423+03:00 bandur-mihai-BOHK-WAX9X python3[12726]: ["2025-04-04T09:30:56.974", "WARNING", "ubuntupro.apt", "fail", 933, "Failed to fetch ESM Apt Cache item: https://esm.ubuntu.com/apps/ubuntu/dists/noble-apps-updates/InRelease", {}]
2025-04-04T09:31:00.917931+03:00 bandur-mihai-BOHK-WAX9X python3[12725]: /usr/lib/python3/dist-packages/uaclient/apt_news.py:207: Warning: W:Download is performed unsandboxed as root as file '/run/ubuntu-advantage/aptnews.json' couldn't be accessed by user '_apt'. - pkgAcquire::Run (13: Permission denied)
2025-04-04T09:31:00.918137+03:00 bandur-mihai-BOHK-WAX9X python3[12725]:   acq.run()
2025-04-04T09:31:00.965811+03:00 bandur-mihai-BOHK-WAX9X systemd[1]: apt-news.service: Deactivated successfully.
2025-04-04T09:31:00.966010+03:00 bandur-mihai-BOHK-WAX9X systemd[1]: Finished apt-news.service - Update APT News.
2025-04-04T09:31:00.973582+03:00 bandur-mihai-BOHK-WAX9X python3[12726]: ["2025-04-04T09:31:00.972", "WARNING", "ubuntupro.apt", "fail", 933, "Failed to fetch ESM Apt Cache item: https://esm.ubuntu.com/apps/ubuntu/dists/noble-apps-security/InRelease", {}]
2025-04-04T09:31:00.975788+03:00 bandur-mihai-BOHK-WAX9X python3[12726]: ["2025-04-04T09:31:00.975", "WARNING", "ubuntupro.apt", "fail", 933, "Failed to fetch ESM Apt Cache item: https://esm.ubuntu.com/apps/ubuntu/dists/noble-apps-updates/InRelease", {}]
2025-04-04T09:31:00.979014+03:00 bandur-mihai-BOHK-WAX9X python3[12726]: /usr/lib/python3/dist-packages/uaclient/apt.py:939: Warning: W:Failed to fetch https://esm.ubuntu.com/apps/ubuntu/dists/noble-apps-security/InRelease  Temporary failure resolving 'esm.ubuntu.com', W:Failed to fetch https://esm.ubuntu.com/apps/ubuntu/dists/noble-apps-updates/InRelease  Temporary failure resolving 'esm.ubuntu.com', W:Some index files failed to download. They have been ignored, or old ones used instead.
2025-04-04T09:31:00.979132+03:00 bandur-mihai-BOHK-WAX9X python3[12726]:   cache.update(fetch_progress, sources_list, 0)
2025-04-04T09:31:01.032170+03:00 bandur-mihai-BOHK-WAX9X systemd[1]: esm-cache.service: Deactivated successfully.
2025-04-04T09:31:01.032546+03:00 bandur-mihai-BOHK-WAX9X systemd[1]: Finished esm-cache.service - Update the local ESM caches.
2025-04-04T09:31:05.470626+03:00 bandur-mihai-BOHK-WAX9X NetworkManager[874]: <info>  [1743748265.4702] device (wlp2s0): supplicant interface state: disconnected -> scanning
2025-04-04T09:31:05.841646+03:00 bandur-mihai-BOHK-WAX9X wpa_supplicant[875]: wlp2s0: CTRL-EVENT-SSID-REENABLED id=0 ssid="eduroam"
2025-04-04T09:31:05.850686+03:00 bandur-mihai-BOHK-WAX9X wpa_supplicant[875]: wlp2s0: SME: Trying to authenticate with c0:e3:fb:3c:ba:a0 (SSID='eduroam' freq=5540 MHz)
2025-04-04T09:31:06.046526+03:00 bandur-mihai-BOHK-WAX9X kernel: wlp2s0: authenticate with c0:e3:fb:3c:ba:a0 (local address=1c:bf:c0:30:1e:d5)
2025-04-04T09:31:06.209498+03:00 bandur-mihai-BOHK-WAX9X kernel: wlp2s0: send auth to c0:e3:fb:3c:ba:a0 (try 1/3)
2025-04-04T09:31:06.210270+03:00 bandur-mihai-BOHK-WAX9X NetworkManager[874]: <info>  [1743748266.2101] device (wlp2s0): supplicant interface state: scanning -> authenticating
2025-04-04T09:31:06.214494+03:00 bandur-mihai-BOHK-WAX9X kernel: wlp2s0: send auth to c0:e3:fb:3c:ba:a0 (try 2/3)
2025-04-04T09:31:06.220507+03:00 bandur-mihai-BOHK-WAX9X kernel: wlp2s0: send auth to c0:e3:fb:3c:ba:a0 (try 3/3)
2025-04-04T09:31:06.227527+03:00 bandur-mihai-BOHK-WAX9X kernel: wlp2s0: authentication with c0:e3:fb:3c:ba:a0 timed out
2025-04-04T09:31:06.234334+03:00 bandur-mihai-BOHK-WAX9X wpa_supplicant[875]: BSSID c0:e3:fb:3c:ba:a0 ignore list count incremented to 2, ignoring for 10 seconds
2025-04-04T09:31:06.234478+03:00 bandur-mihai-BOHK-WAX9X wpa_supplicant[875]: wlp2s0: CTRL-EVENT-SSID-TEMP-DISABLED id=0 ssid="eduroam" auth_failures=2 duration=34 reason=CONN_FAILED
2025-04-04T09:31:06.240511+03:00 bandur-mihai-BOHK-WAX9X NetworkManager[874]: <info>  [1743748266.2403] device (wlp2s0): supplicant interface state: authenticating -> disconnected
2025-04-04T09:31:11.099782+03:00 bandur-mihai-BOHK-WAX9X systemd[1]: systemd-hostnamed.service: Deactivated successfully.
2025-04-04T09:31:11.888619+03:00 bandur-mihai-BOHK-WAX9X systemd[1]: apt-daily.service: Deactivated successfully.
2025-04-04T09:31:11.889315+03:00 bandur-mihai-BOHK-WAX9X systemd[1]: Finished apt-daily.service - Daily apt download activities.
2025-04-04T09:31:11.889966+03:00 bandur-mihai-BOHK-WAX9X systemd[1]: apt-daily.service: Consumed 11.858s CPU time.
2025-04-04T09:31:11.915999+03:00 bandur-mihai-BOHK-WAX9X systemd[1]: Starting apt-daily-upgrade.service - Daily apt upgrade and clean activities...
2025-04-04T09:31:16.446066+03:00 bandur-mihai-BOHK-WAX9X NetworkManager[874]: <info>  [1743748276.4453] device (wlp2s0): supplicant interface state: disconnected -> scanning
2025-04-04T09:31:18.957054+03:00 bandur-mihai-BOHK-WAX9X systemd[2215]: app-gnome-gnome\x2dpower\x2dpanel-12617.scope: Consumed 1.118s CPU time.
2025-04-04T09:31:20.503198+03:00 bandur-mihai-BOHK-WAX9X NetworkManager[874]: <warn>  [1743748280.5023] device (wlp2s0): Activation: (wifi) association took too long, failing activation
2025-04-04T09:31:20.503599+03:00 bandur-mihai-BOHK-WAX9X NetworkManager[874]: <info>  [1743748280.5025] device (wlp2s0): state change: config -> failed (reason 'ssid-not-found', sys-iface-state: 'managed')
2025-04-04T09:31:20.503943+03:00 bandur-mihai-BOHK-WAX9X NetworkManager[874]: <info>  [1743748280.5031] manager: NetworkManager state is now DISCONNECTED
2025-04-04T09:31:20.504364+03:00 bandur-mihai-BOHK-WAX9X NetworkManager[874]: <warn>  [1743748280.5036] device (wlp2s0): Activation: failed for connection 'eduroam'
2025-04-04T09:31:20.504609+03:00 bandur-mihai-BOHK-WAX9X NetworkManager[874]: <info>  [1743748280.5040] device (wlp2s0): state change: failed -> disconnected (reason 'none', sys-iface-state: 'managed')
2025-04-04T09:31:23.903989+03:00 bandur-mihai-BOHK-WAX9X NetworkManager[874]: <info>  [1743748283.9032] device (wlp2s0): supplicant interface state: scanning -> disconnected
2025-04-04T09:31:23.910347+03:00 bandur-mihai-BOHK-WAX9X NetworkManager[874]: <info>  [1743748283.9099] policy: auto-activating connection 'eduroam' (a9c12580-790a-4c0d-b942-1089b95dee52)
2025-04-04T09:31:23.910690+03:00 bandur-mihai-BOHK-WAX9X NetworkManager[874]: <info>  [1743748283.9103] device (wlp2s0): Activation: starting connection 'eduroam' (a9c12580-790a-4c0d-b942-1089b95dee52)
2025-04-04T09:31:23.910890+03:00 bandur-mihai-BOHK-WAX9X NetworkManager[874]: <info>  [1743748283.9105] device (wlp2s0): state change: disconnected -> prepare (reason 'none', sys-iface-state: 'managed')
2025-04-04T09:31:23.911118+03:00 bandur-mihai-BOHK-WAX9X NetworkManager[874]: <info>  [1743748283.9107] manager: NetworkManager state is now CONNECTING
2025-04-04T09:31:23.911330+03:00 bandur-mihai-BOHK-WAX9X NetworkManager[874]: <info>  [1743748283.9109] device (wlp2s0): state change: prepare -> config (reason 'none', sys-iface-state: 'managed')
2025-04-04T09:31:23.911552+03:00 bandur-mihai-BOHK-WAX9X NetworkManager[874]: <info>  [1743748283.9111] device (wlp2s0): Activation: (wifi) access point 'eduroam' has security, but secrets are required.
2025-04-04T09:31:23.911779+03:00 bandur-mihai-BOHK-WAX9X NetworkManager[874]: <info>  [1743748283.9111] device (wlp2s0): state change: config -> need-auth (reason 'none', sys-iface-state: 'managed')
2025-04-04T09:31:23.912581+03:00 bandur-mihai-BOHK-WAX9X NetworkManager[874]: <info>  [1743748283.9123] device (wlp2s0): state change: need-auth -> prepare (reason 'none', sys-iface-state: 'managed')
2025-04-04T09:31:23.912837+03:00 bandur-mihai-BOHK-WAX9X NetworkManager[874]: <info>  [1743748283.9126] device (wlp2s0): state change: prepare -> config (reason 'none', sys-iface-state: 'managed')
2025-04-04T09:31:23.913061+03:00 bandur-mihai-BOHK-WAX9X NetworkManager[874]: <info>  [1743748283.9129] device (wlp2s0): Activation: (wifi) connection 'eduroam' has security, and secrets exist.  No new secrets needed.
2025-04-04T09:31:23.913273+03:00 bandur-mihai-BOHK-WAX9X NetworkManager[874]: <info>  [1743748283.9129] Config: added 'ssid' value 'eduroam'
2025-04-04T09:31:23.913514+03:00 bandur-mihai-BOHK-WAX9X NetworkManager[874]: <info>  [1743748283.9130] Config: added 'scan_ssid' value '1'
2025-04-04T09:31:23.913748+03:00 bandur-mihai-BOHK-WAX9X NetworkManager[874]: <info>  [1743748283.9130] Config: added 'bgscan' value 'simple:30:-65:300'
2025-04-04T09:31:23.913938+03:00 bandur-mihai-BOHK-WAX9X NetworkManager[874]: <info>  [1743748283.9130] Config: added 'key_mgmt' value 'WPA-EAP FT-EAP FT-EAP-SHA384 WPA-EAP-SHA256'
2025-04-04T09:31:23.914136+03:00 bandur-mihai-BOHK-WAX9X NetworkManager[874]: <info>  [1743748283.9130] Config: added 'auth_alg' value 'OPEN'
2025-04-04T09:31:23.914343+03:00 bandur-mihai-BOHK-WAX9X NetworkManager[874]: <info>  [1743748283.9130] Config: added 'password' value '<hidden>'
2025-04-04T09:31:23.914575+03:00 bandur-mihai-BOHK-WAX9X NetworkManager[874]: <info>  [1743748283.9130] Config: added 'eap' value 'TTLS'
2025-04-04T09:31:23.914797+03:00 bandur-mihai-BOHK-WAX9X NetworkManager[874]: <info>  [1743748283.9131] Config: added 'fragment_size' value '1266'
2025-04-04T09:31:23.914993+03:00 bandur-mihai-BOHK-WAX9X NetworkManager[874]: <info>  [1743748283.9131] Config: added 'phase2' value 'auth=MSCHAPV2'
2025-04-04T09:31:23.915177+03:00 bandur-mihai-BOHK-WAX9X NetworkManager[874]: <info>  [1743748283.9131] Config: added 'identity' value 'mihai.bandur@student.tuiasi.ro'
2025-04-04T09:31:23.915405+03:00 bandur-mihai-BOHK-WAX9X NetworkManager[874]: <info>  [1743748283.9131] Config: added 'proactive_key_caching' value '1'
2025-04-04T09:31:23.928234+03:00 bandur-mihai-BOHK-WAX9X wpa_supplicant[875]: wlp2s0: SME: Trying to authenticate with a4:6d:a4:fc:5b:50 (SSID='eduroam' freq=5660 MHz)
2025-04-04T09:31:24.135492+03:00 bandur-mihai-BOHK-WAX9X kernel: wlp2s0: authenticate with a4:6d:a4:fc:5b:50 (local address=1c:bf:c0:30:1e:d5)
2025-04-04T09:31:24.298516+03:00 bandur-mihai-BOHK-WAX9X kernel: wlp2s0: send auth to a4:6d:a4:fc:5b:50 (try 1/3)
2025-04-04T09:31:24.299197+03:00 bandur-mihai-BOHK-WAX9X NetworkManager[874]: <info>  [1743748284.2990] device (wlp2s0): supplicant interface state: disconnected -> authenticating
2025-04-04T09:31:24.305216+03:00 bandur-mihai-BOHK-WAX9X wpa_supplicant[875]: wlp2s0: CTRL-EVENT-AUTH-REJECT a4:6d:a4:fc:5b:50 auth_type=0 auth_transaction=2 status_code=4
2025-04-04T09:31:24.305372+03:00 bandur-mihai-BOHK-WAX9X wpa_supplicant[875]: BSSID a4:6d:a4:fc:5b:50 ignore list count incremented to 2, ignoring for 10 seconds
2025-04-04T09:31:24.305510+03:00 bandur-mihai-BOHK-WAX9X kernel: wlp2s0: a4:6d:a4:fc:5b:50 denied authentication (status 4)
2025-04-04T09:31:24.305622+03:00 bandur-mihai-BOHK-WAX9X wpa_supplicant[875]: wlp2s0: CTRL-EVENT-SSID-TEMP-DISABLED id=0 ssid="eduroam" auth_failures=1 duration=10 reason=CONN_FAILED
2025-04-04T09:31:24.306157+03:00 bandur-mihai-BOHK-WAX9X NetworkManager[874]: <info>  [1743748284.3060] device (wlp2s0): supplicant interface state: authenticating -> disconnected
2025-04-04T09:31:28.134553+03:00 bandur-mihai-BOHK-WAX9X dbus-daemon[825]: [system] Activating via systemd: service name='org.freedesktop.PackageKit' unit='packagekit.service' requested by ':1.89' (uid=1000 pid=2464 comm="/usr/bin/gnome-shell" label="unconfined")
2025-04-04T09:31:28.160257+03:00 bandur-mihai-BOHK-WAX9X systemd[1]: Starting packagekit.service - PackageKit Daemon...
2025-04-04T09:31:28.167643+03:00 bandur-mihai-BOHK-WAX9X PackageKit: daemon start
2025-04-04T09:31:28.197081+03:00 bandur-mihai-BOHK-WAX9X dbus-daemon[825]: [system] Successfully activated service 'org.freedesktop.PackageKit'
2025-04-04T09:31:28.197972+03:00 bandur-mihai-BOHK-WAX9X systemd[1]: Started packagekit.service - PackageKit Daemon.
2025-04-04T09:31:28.212241+03:00 bandur-mihai-BOHK-WAX9X gnome-shell[2464]: endSessionDialog: No XDG_SESSION_ID, fetched from logind: 2
2025-04-04T09:31:30.172864+03:00 bandur-mihai-BOHK-WAX9X gnome-shell[2464]: Shutting down GNOME Shell
2025-04-04T09:31:30.188605+03:00 bandur-mihai-BOHK-WAX9X kernel: rfkill: input handler enabled
2025-04-04T09:31:30.239378+03:00 bandur-mihai-BOHK-WAX9X systemd[1]: unattended-upgrades.service: Deactivated successfully.
2025-04-04T09:31:30.240108+03:00 bandur-mihai-BOHK-WAX9X systemd[2215]: Stopped target gnome-session-wayland@ubuntu.target - GNOME Wayland Session (session: ubuntu).
2025-04-04T09:31:30.240372+03:00 bandur-mihai-BOHK-WAX9X systemd[2215]: Stopping gvfs-afc-volume-monitor.service - Virtual filesystem service - Apple File Conduit monitor...
2025-04-04T09:31:30.240999+03:00 bandur-mihai-BOHK-WAX9X systemd[2215]: Stopping gvfs-daemon.service - Virtual filesystem service...
2025-04-04T09:31:30.241896+03:00 bandur-mihai-BOHK-WAX9X systemd[2215]: Stopping gvfs-goa-volume-monitor.service - Virtual filesystem service - GNOME Online Accounts monitor...
2025-04-04T09:31:30.242021+03:00 bandur-mihai-BOHK-WAX9X systemd[2215]: Stopping gvfs-gphoto2-volume-monitor.service - Virtual filesystem service - digital camera monitor...
2025-04-04T09:31:30.242958+03:00 bandur-mihai-BOHK-WAX9X systemd[2215]: Stopping gvfs-metadata.service - Virtual filesystem metadata service...
2025-04-04T09:31:30.243145+03:00 bandur-mihai-BOHK-WAX9X systemd[2215]: Stopping gvfs-mtp-volume-monitor.service - Virtual filesystem service - Media Transfer Protocol monitor...
2025-04-04T09:31:30.243619+03:00 bandur-mihai-BOHK-WAX9X systemd[2215]: Stopping gvfs-udisks2-volume-monitor.service - Virtual filesystem service - disk device monitor...
2025-04-04T09:31:30.243846+03:00 bandur-mihai-BOHK-WAX9X systemd[2215]: Stopping xdg-desktop-portal-gnome.service - Portal service (GNOME implementation)...
2025-04-04T09:31:30.244121+03:00 bandur-mihai-BOHK-WAX9X systemd[2215]: Stopping xdg-desktop-portal.service - Portal service...
2025-04-04T09:31:30.245085+03:00 bandur-mihai-BOHK-WAX9X systemd[2215]: Stopping xdg-document-portal.service - flatpak document portal service...
2025-04-04T09:31:30.245407+03:00 bandur-mihai-BOHK-WAX9X systemd[2215]: Stopping xdg-permission-store.service - sandboxed app permission store...
2025-04-04T09:31:30.245647+03:00 bandur-mihai-BOHK-WAX9X systemd[2215]: Stopped gvfs-gphoto2-volume-monitor.service - Virtual filesystem service - digital camera monitor.
2025-04-04T09:31:30.247139+03:00 bandur-mihai-BOHK-WAX9X tracker-miner-f[3015]: Owner of volume monitor org.gtk.vfs.GoaVolumeMonitor disconnected from the bus; removing drives/volumes/mounts
2025-04-04T09:31:30.247389+03:00 bandur-mihai-BOHK-WAX9X systemd[2215]: Stopped gvfs-goa-volume-monitor.service - Virtual filesystem service - GNOME Online Accounts monitor.
2025-04-04T09:31:30.247955+03:00 bandur-mihai-BOHK-WAX9X systemd[2215]: Stopped xdg-permission-store.service - sandboxed app permission store.
2025-04-04T09:31:30.250367+03:00 bandur-mihai-BOHK-WAX9X tracker-miner-f[3015]: Owner of volume monitor org.gtk.vfs.GPhoto2VolumeMonitor disconnected from the bus; removing drives/volumes/mounts
2025-04-04T09:31:30.250939+03:00 bandur-mihai-BOHK-WAX9X tracker-miner-f[3015]: Owner of volume monitor org.gtk.vfs.AfcVolumeMonitor disconnected from the bus; removing drives/volumes/mounts
2025-04-04T09:31:30.251258+03:00 bandur-mihai-BOHK-WAX9X tracker-miner-f[3015]: Owner of volume monitor org.gtk.vfs.MTPVolumeMonitor disconnected from the bus; removing drives/volumes/mounts
2025-04-04T09:31:30.252313+03:00 bandur-mihai-BOHK-WAX9X systemd[2215]: Stopped gvfs-mtp-volume-monitor.service - Virtual filesystem service - Media Transfer Protocol monitor.
2025-04-04T09:31:30.255257+03:00 bandur-mihai-BOHK-WAX9X systemd[2215]: Stopped gvfs-udisks2-volume-monitor.service - Virtual filesystem service - disk device monitor.
2025-04-04T09:31:30.255829+03:00 bandur-mihai-BOHK-WAX9X tracker-miner-f[3015]: Owner of volume monitor org.gtk.vfs.UDisks2VolumeMonitor disconnected from the bus; removing drives/volumes/mounts
2025-04-04T09:31:30.255981+03:00 bandur-mihai-BOHK-WAX9X systemd[2215]: Stopped gvfs-afc-volume-monitor.service - Virtual filesystem service - Apple File Conduit monitor.
2025-04-04T09:31:30.256846+03:00 bandur-mihai-BOHK-WAX9X systemd[2215]: Stopped xdg-desktop-portal.service - Portal service.
2025-04-04T09:31:30.257776+03:00 bandur-mihai-BOHK-WAX9X systemd[2215]: Stopped gvfs-metadata.service - Virtual filesystem metadata service.
2025-04-04T09:31:30.270639+03:00 bandur-mihai-BOHK-WAX9X systemd[1]: run-user-1000-gvfs.mount: Deactivated successfully.
2025-04-04T09:31:30.270878+03:00 bandur-mihai-BOHK-WAX9X systemd[1]: Unmounted run-user-1000-gvfs.mount - /run/user/1000/gvfs.
2025-04-04T09:31:30.271008+03:00 bandur-mihai-BOHK-WAX9X systemd[1]: run-user-1000-doc.mount: Deactivated successfully.
2025-04-04T09:31:30.271107+03:00 bandur-mihai-BOHK-WAX9X systemd[1]: Unmounted run-user-1000-doc.mount - /run/user/1000/doc.
2025-04-04T09:31:30.274869+03:00 bandur-mihai-BOHK-WAX9X systemd[2215]: Stopped xdg-document-portal.service - flatpak document portal service.
2025-04-04T09:31:30.275785+03:00 bandur-mihai-BOHK-WAX9X systemd[2215]: Stopped xdg-desktop-portal-gnome.service - Portal service (GNOME implementation).
2025-04-04T09:31:30.276732+03:00 bandur-mihai-BOHK-WAX9X systemd[2215]: Stopped gnome-session-manager@ubuntu.service - GNOME Session Manager (session: ubuntu).
2025-04-04T09:31:30.277081+03:00 bandur-mihai-BOHK-WAX9X systemd[2215]: gnome-session-manager@ubuntu.service: Consumed 1.100s CPU time.
2025-04-04T09:31:30.278001+03:00 bandur-mihai-BOHK-WAX9X systemd[2215]: Stopped org.gnome.SettingsDaemon.Sharing.service - GNOME file sharing service.
2025-04-04T09:31:30.278145+03:00 bandur-mihai-BOHK-WAX9X systemd[2215]: org.gnome.SettingsDaemon.Sharing.service: Consumed 1.339s CPU time.
2025-04-04T09:31:30.279261+03:00 bandur-mihai-BOHK-WAX9X systemd[2215]: Stopped org.gnome.SettingsDaemon.Datetime.service - GNOME date & time service.
2025-04-04T09:31:30.280247+03:00 bandur-mihai-BOHK-WAX9X systemd[2215]: Stopped org.gnome.SettingsDaemon.PrintNotifications.service - GNOME printer notifications service.
2025-04-04T09:31:30.281524+03:00 bandur-mihai-BOHK-WAX9X systemd[2215]: Stopped org.gnome.SettingsDaemon.XSettings.service - GNOME XSettings service.
2025-04-04T09:31:30.281678+03:00 bandur-mihai-BOHK-WAX9X systemd[2215]: org.gnome.SettingsDaemon.XSettings.service: Consumed 1.173s CPU time.
2025-04-04T09:31:30.283209+03:00 bandur-mihai-BOHK-WAX9X systemd[2215]: Stopped gvfs-daemon.service - Virtual filesystem service.
2025-04-04T09:31:30.285827+03:00 bandur-mihai-BOHK-WAX9X systemd[2215]: Stopped target graphical-session.target - Current graphical user session.
2025-04-04T09:31:30.285975+03:00 bandur-mihai-BOHK-WAX9X systemd[2215]: Stopped update-notifier-crash.path - Path trigger for Apport crash notifications.
2025-04-04T09:31:30.290650+03:00 bandur-mihai-BOHK-WAX9X systemd[2215]: Stopped update-notifier-release.path - Path trigger for new release of Ubuntu notifications.
2025-04-04T09:31:30.290799+03:00 bandur-mihai-BOHK-WAX9X systemd[2215]: Stopped target gnome-session.target - GNOME Session.
2025-04-04T09:31:30.290893+03:00 bandur-mihai-BOHK-WAX9X systemd[2215]: Stopped target gnome-session-wayland.target - GNOME Wayland Session.
2025-04-04T09:31:30.290980+03:00 bandur-mihai-BOHK-WAX9X systemd[2215]: Stopped target gnome-session-x11-services-ready.target - GNOME session X11 services.
2025-04-04T09:31:30.291064+03:00 bandur-mihai-BOHK-WAX9X systemd[2215]: Stopped target gnome-session-x11-services.target - GNOME session X11 services.
2025-04-04T09:31:30.291152+03:00 bandur-mihai-BOHK-WAX9X systemd[2215]: Stopped target gnome-session@ubuntu.target - GNOME Session (session: ubuntu).
2025-04-04T09:31:30.291249+03:00 bandur-mihai-BOHK-WAX9X systemd[2215]: Stopped target org.gnome.SettingsDaemon.A11ySettings.target - GNOME accessibility target.
2025-04-04T09:31:30.291338+03:00 bandur-mihai-BOHK-WAX9X systemd[2215]: Stopped target org.gnome.SettingsDaemon.Color.target - GNOME color management target.
2025-04-04T09:31:30.291484+03:00 bandur-mihai-BOHK-WAX9X systemd[2215]: Stopped target org.gnome.SettingsDaemon.Datetime.target - GNOME date & time target.
2025-04-04T09:31:30.291594+03:00 bandur-mihai-BOHK-WAX9X systemd[2215]: Stopped target org.gnome.SettingsDaemon.Housekeeping.target - GNOME maintenance of expirable data target.
2025-04-04T09:31:30.291699+03:00 bandur-mihai-BOHK-WAX9X systemd[2215]: Stopped target org.gnome.SettingsDaemon.Keyboard.target - GNOME keyboard configuration target.
2025-04-04T09:31:30.291801+03:00 bandur-mihai-BOHK-WAX9X systemd[2215]: Stopped target org.gnome.SettingsDaemon.MediaKeys.target - GNOME keyboard shortcuts target.
2025-04-04T09:31:30.291900+03:00 bandur-mihai-BOHK-WAX9X systemd[2215]: Stopped target org.gnome.SettingsDaemon.Power.target - GNOME power management target.
2025-04-04T09:31:30.291986+03:00 bandur-mihai-BOHK-WAX9X systemd[2215]: Stopped target org.gnome.SettingsDaemon.PrintNotifications.target - GNOME printer notifications target.
2025-04-04T09:31:30.292079+03:00 bandur-mihai-BOHK-WAX9X systemd[2215]: Stopped target org.gnome.SettingsDaemon.Rfkill.target - GNOME RFKill support target.
2025-04-04T09:31:30.292161+03:00 bandur-mihai-BOHK-WAX9X systemd[2215]: Stopped target org.gnome.SettingsDaemon.ScreensaverProxy.target - GNOME FreeDesktop screensaver target.
2025-04-04T09:31:30.292248+03:00 bandur-mihai-BOHK-WAX9X systemd[2215]: Stopped target org.gnome.SettingsDaemon.Sharing.target - GNOME file sharing target.
2025-04-04T09:31:30.292333+03:00 bandur-mihai-BOHK-WAX9X systemd[2215]: Stopped target org.gnome.SettingsDaemon.Smartcard.target - GNOME smartcard target.
2025-04-04T09:31:30.292565+03:00 bandur-mihai-BOHK-WAX9X systemd[2215]: Stopped target org.gnome.SettingsDaemon.Sound.target - GNOME sound sample caching target.
2025-04-04T09:31:30.292701+03:00 bandur-mihai-BOHK-WAX9X systemd[2215]: Stopped target org.gnome.SettingsDaemon.Wacom.target - GNOME Wacom tablet support target.
2025-04-04T09:31:30.292798+03:00 bandur-mihai-BOHK-WAX9X systemd[2215]: Stopped target org.gnome.SettingsDaemon.XSettings.target - GNOME XSettings target.
2025-04-04T09:31:30.292894+03:00 bandur-mihai-BOHK-WAX9X systemd[2215]: Stopping org.freedesktop.IBus.session.GNOME.service - IBus Daemon for GNOME...
2025-04-04T09:31:30.292988+03:00 bandur-mihai-BOHK-WAX9X systemd[2215]: Stopping org.gnome.SettingsDaemon.Color.service - GNOME color management service...
2025-04-04T09:31:30.293073+03:00 bandur-mihai-BOHK-WAX9X systemd[2215]: Stopping org.gnome.SettingsDaemon.Keyboard.service - GNOME keyboard configuration service...
2025-04-04T09:31:30.293181+03:00 bandur-mihai-BOHK-WAX9X systemd[2215]: Stopping org.gnome.SettingsDaemon.MediaKeys.service - GNOME keyboard shortcuts service...
2025-04-04T09:31:30.293283+03:00 bandur-mihai-BOHK-WAX9X systemd[2215]: Stopping org.gnome.SettingsDaemon.Power.service - GNOME power management service...
2025-04-04T09:31:30.293364+03:00 bandur-mihai-BOHK-WAX9X systemd[2215]: Stopping org.gnome.SettingsDaemon.Wacom.service - GNOME Wacom tablet support service...
2025-04-04T09:31:30.296103+03:00 bandur-mihai-BOHK-WAX9X systemd[2215]: org.freedesktop.IBus.session.GNOME.service: Failed to kill control group /user.slice/user-1000.slice/user@1000.service/session.slice/org.freedesktop.IBus.session.GNOME.service, ignoring: Invalid argument
2025-04-04T09:31:30.296378+03:00 bandur-mihai-BOHK-WAX9X systemd[2215]: Stopped org.freedesktop.IBus.session.GNOME.service - IBus Daemon for GNOME.
2025-04-04T09:31:30.296500+03:00 bandur-mihai-BOHK-WAX9X systemd[2215]: org.freedesktop.IBus.session.GNOME.service: Consumed 7.726s CPU time, 24.5M memory peak, 6.3M memory swap peak.
2025-04-04T09:31:30.298266+03:00 bandur-mihai-BOHK-WAX9X systemd[1]: Stopping session-2.scope - Session 2 of User bandur-mihai...
2025-04-04T09:31:30.298815+03:00 bandur-mihai-BOHK-WAX9X systemd[1]: Removed slice system-getty.slice - Slice /system/getty.
2025-04-04T09:31:30.299762+03:00 bandur-mihai-BOHK-WAX9X systemd[1]: Removed slice system-modprobe.slice - Slice /system/modprobe.
2025-04-04T09:31:30.299954+03:00 bandur-mihai-BOHK-WAX9X systemd[1]: Stopped target getty-pre.target - Preparation for Logins.
2025-04-04T09:31:30.300091+03:00 bandur-mihai-BOHK-WAX9X systemd[1]: Stopped target graphical.target - Graphical Interface.
2025-04-04T09:31:30.300294+03:00 bandur-mihai-BOHK-WAX9X systemd[1]: Stopped target multi-user.target - Multi-User System.
2025-04-04T09:31:30.300478+03:00 bandur-mihai-BOHK-WAX9X systemd[1]: Stopped target getty.target - Login Prompts.
2025-04-04T09:31:30.300683+03:00 bandur-mihai-BOHK-WAX9X systemd[1]: Stopped target sound.target - Sound Card.
2025-04-04T09:31:30.300844+03:00 bandur-mihai-BOHK-WAX9X systemd[1]: Stopped target timers.target - Timer Units.
2025-04-04T09:31:30.300972+03:00 bandur-mihai-BOHK-WAX9X systemd[1]: dpkg-db-backup.timer: Deactivated successfully.
2025-04-04T09:31:30.301075+03:00 bandur-mihai-BOHK-WAX9X systemd[1]: Stopped dpkg-db-backup.timer - Daily dpkg database backup timer.
2025-04-04T09:31:30.301164+03:00 bandur-mihai-BOHK-WAX9X systemd[1]: e2scrub_all.timer: Deactivated successfully.
2025-04-04T09:31:30.301272+03:00 bandur-mihai-BOHK-WAX9X systemd[1]: Stopped e2scrub_all.timer - Periodic ext4 Online Metadata Check for All Filesystems.
2025-04-04T09:31:30.301406+03:00 bandur-mihai-BOHK-WAX9X systemd[1]: fstrim.timer: Deactivated successfully.
2025-04-04T09:31:30.301539+03:00 bandur-mihai-BOHK-WAX9X systemd[1]: Stopped fstrim.timer - Discard unused filesystem blocks once a week.
2025-04-04T09:31:30.301646+03:00 bandur-mihai-BOHK-WAX9X systemd[1]: fwupd-refresh.timer: Deactivated successfully.
2025-04-04T09:31:30.301740+03:00 bandur-mihai-BOHK-WAX9X systemd[1]: Stopped fwupd-refresh.timer - Refresh fwupd metadata regularly.
2025-04-04T09:31:30.301835+03:00 bandur-mihai-BOHK-WAX9X systemd[1]: logrotate.timer: Deactivated successfully.
2025-04-04T09:31:30.301931+03:00 bandur-mihai-BOHK-WAX9X systemd[1]: Stopped logrotate.timer - Daily rotation of log files.
2025-04-04T09:31:30.302043+03:00 bandur-mihai-BOHK-WAX9X systemd[1]: man-db.timer: Deactivated successfully.
2025-04-04T09:31:30.302138+03:00 bandur-mihai-BOHK-WAX9X systemd[1]: Stopped man-db.timer - Daily man-db regeneration.
2025-04-04T09:31:30.302231+03:00 bandur-mihai-BOHK-WAX9X systemd[1]: motd-news.timer: Deactivated successfully.
2025-04-04T09:31:30.302329+03:00 bandur-mihai-BOHK-WAX9X systemd[1]: Stopped motd-news.timer - Message of the Day.
2025-04-04T09:31:30.302423+03:00 bandur-mihai-BOHK-WAX9X systemd[1]: sysstat-collect.timer: Deactivated successfully.
2025-04-04T09:31:30.302702+03:00 bandur-mihai-BOHK-WAX9X systemd[1]: Stopped sysstat-collect.timer - Run system activity accounting tool every 10 minutes.
2025-04-04T09:31:30.302791+03:00 bandur-mihai-BOHK-WAX9X systemd[1]: sysstat-summary.timer: Deactivated successfully.
2025-04-04T09:31:30.303048+03:00 bandur-mihai-BOHK-WAX9X systemd[1]: Stopped sysstat-summary.timer - Generate summary of yesterday's process accounting.
2025-04-04T09:31:30.303158+03:00 bandur-mihai-BOHK-WAX9X systemd[1]: systemd-tmpfiles-clean.timer: Deactivated successfully.
2025-04-04T09:31:30.303252+03:00 bandur-mihai-BOHK-WAX9X systemd[1]: Stopped systemd-tmpfiles-clean.timer - Daily Cleanup of Temporary Directories.
2025-04-04T09:31:30.303329+03:00 bandur-mihai-BOHK-WAX9X systemd[1]: update-notifier-download.timer: Deactivated successfully.
2025-04-04T09:31:30.303427+03:00 bandur-mihai-BOHK-WAX9X systemd[1]: Stopped update-notifier-download.timer - Download data for packages that failed at package install time.
2025-04-04T09:31:30.303547+03:00 bandur-mihai-BOHK-WAX9X systemd[1]: update-notifier-motd.timer: Deactivated successfully.
2025-04-04T09:31:30.303643+03:00 bandur-mihai-BOHK-WAX9X systemd[1]: Stopped update-notifier-motd.timer - Check to see whether there is a new version of Ubuntu available.
2025-04-04T09:31:30.303732+03:00 bandur-mihai-BOHK-WAX9X systemd[1]: systemd-rfkill.socket: Deactivated successfully.
2025-04-04T09:31:30.303814+03:00 bandur-mihai-BOHK-WAX9X systemd[1]: Closed systemd-rfkill.socket - Load/Save RF Kill Switch Status /dev/rfkill Watch.
2025-04-04T09:31:30.303900+03:00 bandur-mihai-BOHK-WAX9X systemd[1]: Stopping ModemManager.service - Modem Manager...
2025-04-04T09:31:30.304121+03:00 bandur-mihai-BOHK-WAX9X systemd[1]: Stopping accounts-daemon.service - Accounts Service...
2025-04-04T09:31:30.304520+03:00 bandur-mihai-BOHK-WAX9X ModemManager[1048]: <msg> caught signal, shutting down...
2025-04-04T09:31:30.306871+03:00 bandur-mihai-BOHK-WAX9X gdm3: Gdm: on_display_added: assertion 'GDM_IS_REMOTE_DISPLAY (display)' failed
2025-04-04T09:31:30.315261+03:00 bandur-mihai-BOHK-WAX9X systemd[1]: Stopping alsa-restore.service - Save/Restore Sound Card State...
2025-04-04T09:31:30.315426+03:00 bandur-mihai-BOHK-WAX9X systemd[1]: Stopping anacron.service - Run anacron jobs...
2025-04-04T09:31:30.315806+03:00 bandur-mihai-BOHK-WAX9X anacron[12339]: Received SIGUSR1
2025-04-04T09:31:30.316046+03:00 bandur-mihai-BOHK-WAX9X anacron[12339]: Exited
2025-04-04T09:31:30.316146+03:00 bandur-mihai-BOHK-WAX9X ModemManager[1048]: <msg> ModemManager is shut down
2025-04-04T09:31:30.317409+03:00 bandur-mihai-BOHK-WAX9X NetworkManager[874]: <info>  [1743748290.3165] modem-manager: ModemManager no longer available
2025-04-04T09:31:30.317841+03:00 bandur-mihai-BOHK-WAX9X systemd[2215]: Stopped gnome-session-monitor.service - Monitor Session leader for GNOME Session.
2025-04-04T09:31:30.321243+03:00 bandur-mihai-BOHK-WAX9X systemd[1]: Stopping apport.service - automatic crash report generation...
2025-04-04T09:31:30.322762+03:00 bandur-mihai-BOHK-WAX9X bluetoothd[824]: Terminating
2025-04-04T09:31:30.322917+03:00 bandur-mihai-BOHK-WAX9X systemd[1]: Stopping bluetooth.service - Bluetooth service...
2025-04-04T09:31:30.323070+03:00 bandur-mihai-BOHK-WAX9X bluetoothd[824]: Endpoint unregistered: sender=:1.86 path=/MediaEndpoint/A2DPSource/ldac
2025-04-04T09:31:30.323154+03:00 bandur-mihai-BOHK-WAX9X systemd[1]: Stopping colord.service - Manage, Install and Generate Color Profiles...
2025-04-04T09:31:30.323249+03:00 bandur-mihai-BOHK-WAX9X bluetoothd[824]: Endpoint unregistered: sender=:1.86 path=/MediaEndpoint/A2DPSink/aptx_hd
2025-04-04T09:31:30.323320+03:00 bandur-mihai-BOHK-WAX9X systemd[1]: Stopping cron.service - Regular background program processing daemon...
2025-04-04T09:31:30.323413+03:00 bandur-mihai-BOHK-WAX9X bluetoothd[824]: Endpoint unregistered: sender=:1.86 path=/MediaEndpoint/A2DPSource/aptx_hd
2025-04-04T09:31:30.324620+03:00 bandur-mihai-BOHK-WAX9X systemd[1]: Stopping cups-browsed.service - Make remote CUPS printers available locally...
2025-04-04T09:31:30.324990+03:00 bandur-mihai-BOHK-WAX9X bluetoothd[824]: Endpoint unregistered: sender=:1.86 path=/MediaEndpoint/A2DPSink/aptx
2025-04-05T21:42:22.621974+03:00 bandur-mihai-BOHK-WAX9X systemd-modules-load[330]: Inserted module 'lp'
2025-04-05T21:42:22.622531+03:00 bandur-mihai-BOHK-WAX9X kernel: Linux version 6.11.0-19-generic (buildd@lcy02-amd64-014) (x86_64-linux-gnu-gcc-13 (Ubuntu 13.3.0-6ubuntu2~24.04) 13.3.0, GNU ld (GNU Binutils for Ubuntu) 2.42) #19~24.04.1-Ubuntu SMP PREEMPT_DYNAMIC Mon Feb 17 11:51:52 UTC 2 (Ubuntu 6.11.0-19.19~24.04.1-generic 6.11.11)
2025-04-05T21:42:22.622574+03:00 bandur-mihai-BOHK-WAX9X mtp-probe: checking bus 1, device 4: "/sys/devices/pci0000:00/0000:00:08.1/0000:03:00.3/usb1/1-4/1-4.2"
2025-04-05T21:42:22.622621+03:00 bandur-mihai-BOHK-WAX9X kernel: Command line: BOOT_IMAGE=/boot/vmlinuz-6.11.0-19-generic root=UUID=a1ef398e-6c23-4f84-9e05-a35a7c033045 ro quiet splash vt.handoff=7
2025-04-05T21:42:22.622623+03:00 bandur-mihai-BOHK-WAX9X kernel: KERNEL supported cpus:
2025-04-05T21:42:22.622624+03:00 bandur-mihai-BOHK-WAX9X kernel:   Intel GenuineIntel
2025-04-05T21:42:22.622625+03:00 bandur-mihai-BOHK-WAX9X kernel:   AMD AuthenticAMD
2025-04-05T21:42:22.622626+03:00 bandur-mihai-BOHK-WAX9X kernel:   Hygon HygonGenuine
2025-04-05T21:42:22.622627+03:00 bandur-mihai-BOHK-WAX9X kernel:   Centaur CentaurHauls
2025-04-05T21:42:22.622626+03:00 bandur-mihai-BOHK-WAX9X systemd-modules-load[330]: Inserted module 'ppdev'
2025-04-05T21:42:22.622631+03:00 bandur-mihai-BOHK-WAX9X kernel:   zhaoxin   Shanghai  
2025-04-05T21:42:22.622633+03:00 bandur-mihai-BOHK-WAX9X kernel: BIOS-provided physical RAM map:
2025-04-05T21:42:22.622634+03:00 bandur-mihai-BOHK-WAX9X kernel: BIOS-e820: [mem 0x0000000000000000-0x0000000000086fff] usable
2025-04-05T21:42:22.622635+03:00 bandur-mihai-BOHK-WAX9X kernel: BIOS-e820: [mem 0x0000000000087000-0x0000000000087fff] reserved
2025-04-05T21:42:22.622636+03:00 bandur-mihai-BOHK-WAX9X kernel: BIOS-e820: [mem 0x0000000000088000-0x000000000009ffff] usable
2025-04-05T21:42:22.622637+03:00 bandur-mihai-BOHK-WAX9X kernel: BIOS-e820: [mem 0x00000000000a0000-0x00000000000bffff] reserved
2025-04-05T21:42:22.622635+03:00 bandur-mihai-BOHK-WAX9X mtp-probe: bus: 1, device: 4 was not an MTP device
2025-04-05T21:42:22.622642+03:00 bandur-mihai-BOHK-WAX9X kernel: BIOS-e820: [mem 0x0000000000100000-0x0000000009afffff] usable
2025-04-05T21:42:22.622643+03:00 bandur-mihai-BOHK-WAX9X kernel: BIOS-e820: [mem 0x0000000009b00000-0x0000000009dfffff] reserved
2025-04-05T21:42:22.622644+03:00 bandur-mihai-BOHK-WAX9X kernel: BIOS-e820: [mem 0x0000000009e00000-0x0000000009efffff] usable
2025-04-05T21:42:22.622645+03:00 bandur-mihai-BOHK-WAX9X kernel: BIOS-e820: [mem 0x0000000009f00000-0x0000000009f0afff] ACPI NVS
2025-04-05T21:42:22.622647+03:00 bandur-mihai-BOHK-WAX9X kernel: BIOS-e820: [mem 0x0000000009f0b000-0x00000000970f8fff] usable
2025-04-05T21:42:22.622642+03:00 bandur-mihai-BOHK-WAX9X systemd-modules-load[330]: Inserted module 'parport_pc'
2025-04-05T21:42:22.622648+03:00 bandur-mihai-BOHK-WAX9X kernel: BIOS-e820: [mem 0x00000000970f9000-0x0000000097af8fff] reserved
2025-04-05T21:42:22.622649+03:00 bandur-mihai-BOHK-WAX9X kernel: BIOS-e820: [mem 0x0000000097af9000-0x00000000add0efff] usable
2025-04-05T21:42:22.622653+03:00 bandur-mihai-BOHK-WAX9X kernel: BIOS-e820: [mem 0x00000000add0f000-0x00000000aee8efff] reserved
2025-04-05T21:42:22.622654+03:00 bandur-mihai-BOHK-WAX9X kernel: BIOS-e820: [mem 0x00000000aee8f000-0x00000000af77efff] ACPI NVS
2025-04-05T21:42:22.622651+03:00 bandur-mihai-BOHK-WAX9X systemd-modules-load[330]: Inserted module 'msr'
2025-04-05T21:42:22.622655+03:00 bandur-mihai-BOHK-WAX9X kernel: BIOS-e820: [mem 0x00000000af77f000-0x00000000af7fefff] ACPI data
2025-04-05T21:42:22.622656+03:00 bandur-mihai-BOHK-WAX9X kernel: BIOS-e820: [mem 0x00000000af7ff000-0x00000000af7fffff] usable
2025-04-05T21:42:22.622657+03:00 bandur-mihai-BOHK-WAX9X kernel: BIOS-e820: [mem 0x00000000af800000-0x00000000afffffff] reserved
2025-04-05T21:42:22.622658+03:00 bandur-mihai-BOHK-WAX9X kernel: BIOS-e820: [mem 0x00000000f8000000-0x00000000fbffffff] reserved
2025-04-05T21:42:22.622662+03:00 bandur-mihai-BOHK-WAX9X kernel: BIOS-e820: [mem 0x00000000fdc00000-0x00000000fec00fff] reserved
2025-04-05T21:42:22.622658+03:00 bandur-mihai-BOHK-WAX9X systemd-udevd[357]: Using default interface naming scheme 'v255'.
2025-04-05T21:42:22.622663+03:00 bandur-mihai-BOHK-WAX9X kernel: BIOS-e820: [mem 0x00000000fec10000-0x00000000fec10fff] reserved
2025-04-05T21:42:22.622664+03:00 bandur-mihai-BOHK-WAX9X kernel: BIOS-e820: [mem 0x00000000fed80000-0x00000000fed80fff] reserved
2025-04-05T21:42:22.622665+03:00 bandur-mihai-BOHK-WAX9X kernel: BIOS-e820: [mem 0x00000000fee00000-0x00000000fee00fff] reserved
2025-04-05T21:42:22.622666+03:00 bandur-mihai-BOHK-WAX9X kernel: BIOS-e820: [mem 0x00000000ff800000-0x00000000fff3ffff] reserved
2025-04-05T21:42:22.622667+03:00 bandur-mihai-BOHK-WAX9X kernel: BIOS-e820: [mem 0x0000000100000000-0x000000020effffff] usable
2025-04-05T21:42:22.622668+03:00 bandur-mihai-BOHK-WAX9X kernel: BIOS-e820: [mem 0x000000020f000000-0x000000024effffff] reserved
2025-04-05T21:42:22.622673+03:00 bandur-mihai-BOHK-WAX9X kernel: NX (Execute Disable) protection: active
2025-04-05T21:42:22.622674+03:00 bandur-mihai-BOHK-WAX9X kernel: APIC: Static calls initialized
2025-04-05T21:42:22.622675+03:00 bandur-mihai-BOHK-WAX9X kernel: e820: update [mem 0x93b48018-0x93b55457] usable ==> usable
2025-04-05T21:42:22.622668+03:00 bandur-mihai-BOHK-WAX9X mtp-probe: checking bus 1, device 3: "/sys/devices/pci0000:00/0000:00:08.1/0000:03:00.3/usb1/1-4/1-4.1"
2025-04-05T21:42:22.622676+03:00 bandur-mihai-BOHK-WAX9X kernel: extended physical RAM map:
2025-04-05T21:42:22.622678+03:00 bandur-mihai-BOHK-WAX9X kernel: reserve setup_data: [mem 0x0000000000000000-0x0000000000086fff] usable
2025-04-05T21:42:22.622679+03:00 bandur-mihai-BOHK-WAX9X kernel: reserve setup_data: [mem 0x0000000000087000-0x0000000000087fff] reserved
2025-04-05T21:42:22.622685+03:00 bandur-mihai-BOHK-WAX9X kernel: reserve setup_data: [mem 0x0000000000088000-0x000000000009ffff] usable
2025-04-05T21:42:22.622686+03:00 bandur-mihai-BOHK-WAX9X kernel: reserve setup_data: [mem 0x00000000000a0000-0x00000000000bffff] reserved
2025-04-05T21:42:22.622681+03:00 bandur-mihai-BOHK-WAX9X mtp-probe: bus: 1, device: 3 was not an MTP device
2025-04-05T21:42:22.622687+03:00 bandur-mihai-BOHK-WAX9X kernel: reserve setup_data: [mem 0x0000000000100000-0x0000000009afffff] usable
2025-04-05T21:42:22.622688+03:00 bandur-mihai-BOHK-WAX9X kernel: reserve setup_data: [mem 0x0000000009b00000-0x0000000009dfffff] reserved
2025-04-05T21:42:22.622689+03:00 bandur-mihai-BOHK-WAX9X kernel: reserve setup_data: [mem 0x0000000009e00000-0x0000000009efffff] usable
2025-04-05T21:42:22.622690+03:00 bandur-mihai-BOHK-WAX9X kernel: reserve setup_data: [mem 0x0000000009f00000-0x0000000009f0afff] ACPI NVS
2025-04-05T21:42:22.622694+03:00 bandur-mihai-BOHK-WAX9X kernel: reserve setup_data: [mem 0x0000000009f0b000-0x0000000093b48017] usable
2025-04-05T21:42:22.622691+03:00 bandur-mihai-BOHK-WAX9X systemd[1]: Finished systemd-udev-trigger.service - Coldplug All udev Devices.
2025-04-05T21:42:22.622695+03:00 bandur-mihai-BOHK-WAX9X kernel: reserve setup_data: [mem 0x0000000093b48018-0x0000000093b55457] usable
2025-04-05T21:42:22.622696+03:00 bandur-mihai-BOHK-WAX9X kernel: reserve setup_data: [mem 0x0000000093b55458-0x00000000970f8fff] usable
2025-04-05T21:42:22.622697+03:00 bandur-mihai-BOHK-WAX9X kernel: reserve setup_data: [mem 0x00000000970f9000-0x0000000097af8fff] reserved
2025-04-05T21:42:22.622698+03:00 bandur-mihai-BOHK-WAX9X kernel: reserve setup_data: [mem 0x0000000097af9000-0x00000000add0efff] usable
2025-04-05T21:42:22.622699+03:00 bandur-mihai-BOHK-WAX9X kernel: reserve setup_data: [mem 0x00000000add0f000-0x00000000aee8efff] reserved
2025-04-05T21:42:22.622700+03:00 bandur-mihai-BOHK-WAX9X kernel: reserve setup_data: [mem 0x00000000aee8f000-0x00000000af77efff] ACPI NVS
2025-04-05T21:42:22.622699+03:00 bandur-mihai-BOHK-WAX9X (udev-worker)[433]: nvme0n1: Process '/usr/bin/unshare -m /usr/bin/snap auto-import --mount=/dev/nvme0n1' failed with exit code 1.
2025-04-05T21:42:22.622704+03:00 bandur-mihai-BOHK-WAX9X kernel: reserve setup_data: [mem 0x00000000af77f000-0x00000000af7fefff] ACPI data
2025-04-05T21:42:22.622706+03:00 bandur-mihai-BOHK-WAX9X kernel: reserve setup_data: [mem 0x00000000af7ff000-0x00000000af7fffff] usable
2025-04-05T21:42:22.622706+03:00 bandur-mihai-BOHK-WAX9X kernel: reserve setup_data: [mem 0x00000000af800000-0x00000000afffffff] reserved
2025-04-05T21:42:22.622707+03:00 bandur-mihai-BOHK-WAX9X kernel: reserve setup_data: [mem 0x00000000f8000000-0x00000000fbffffff] reserved
2025-04-05T21:42:22.622708+03:00 bandur-mihai-BOHK-WAX9X kernel: reserve setup_data: [mem 0x00000000fdc00000-0x00000000fec00fff] reserved
2025-04-05T21:42:22.622709+03:00 bandur-mihai-BOHK-WAX9X kernel: reserve setup_data: [mem 0x00000000fec10000-0x00000000fec10fff] reserved
2025-04-05T21:42:22.622707+03:00 bandur-mihai-BOHK-WAX9X (udev-worker)[391]: nvme0n1p2: Process '/usr/bin/unshare -m /usr/bin/snap auto-import --mount=/dev/nvme0n1p2' failed with exit code 1.
2025-04-05T21:42:22.622713+03:00 bandur-mihai-BOHK-WAX9X kernel: reserve setup_data: [mem 0x00000000fed80000-0x00000000fed80fff] reserved
2025-04-05T21:42:22.622714+03:00 bandur-mihai-BOHK-WAX9X kernel: reserve setup_data: [mem 0x00000000fee00000-0x00000000fee00fff] reserved
2025-04-05T21:42:22.622715+03:00 bandur-mihai-BOHK-WAX9X kernel: reserve setup_data: [mem 0x00000000ff800000-0x00000000fff3ffff] reserved
2025-04-05T21:42:22.622716+03:00 bandur-mihai-BOHK-WAX9X kernel: reserve setup_data: [mem 0x0000000100000000-0x000000020effffff] usable
2025-04-05T21:42:22.622717+03:00 bandur-mihai-BOHK-WAX9X kernel: reserve setup_data: [mem 0x000000020f000000-0x000000024effffff] reserved
2025-04-05T21:42:22.622718+03:00 bandur-mihai-BOHK-WAX9X kernel: efi: EFI v2.7 by HUAWEI
2025-04-05T21:42:22.622719+03:00 bandur-mihai-BOHK-WAX9X kernel: efi: ACPI=0xaf7fe000 ACPI 2.0=0xaf7fe014 TPMFinalLog=0xaf358000 SMBIOS=0xae2e0000 SMBIOS 3.0=0xae2de000 ESRT=0xae2dc018 MEMATTR=0x9da3e018 MOKvar=0xae2da000 INITRD=0x97b0e298 RNG=0xaf7e0f18 TPMEventLog=0xaf7bf018 
2025-04-05T21:42:22.622724+03:00 bandur-mihai-BOHK-WAX9X kernel: random: crng init done
2025-04-05T21:42:22.622717+03:00 bandur-mihai-BOHK-WAX9X (udev-worker)[433]: nvme0n1p1: Process '/usr/bin/unshare -m /usr/bin/snap auto-import --mount=/dev/nvme0n1p1' failed with exit code 1.
2025-04-05T21:42:22.622725+03:00 bandur-mihai-BOHK-WAX9X kernel: efi: Remove mem57: MMIO range=[0xf8000000-0xfbffffff] (64MB) from e820 map
2025-04-05T21:42:22.622726+03:00 bandur-mihai-BOHK-WAX9X kernel: e820: remove [mem 0xf8000000-0xfbffffff] reserved
2025-04-05T21:42:22.622727+03:00 bandur-mihai-BOHK-WAX9X kernel: efi: Remove mem58: MMIO range=[0xfdc00000-0xfec00fff] (16MB) from e820 map
2025-04-05T21:42:22.622728+03:00 bandur-mihai-BOHK-WAX9X kernel: e820: remove [mem 0xfdc00000-0xfec00fff] reserved
2025-04-05T21:42:22.622729+03:00 bandur-mihai-BOHK-WAX9X kernel: efi: Not removing mem59: MMIO range=[0xfec10000-0xfec10fff] (4KB) from e820 map
2025-04-05T21:42:22.622733+03:00 bandur-mihai-BOHK-WAX9X kernel: efi: Not removing mem60: MMIO range=[0xfed80000-0xfed80fff] (4KB) from e820 map
2025-04-05T21:42:22.622729+03:00 bandur-mihai-BOHK-WAX9X mtp-probe: checking bus 1, device 4: "/sys/devices/pci0000:00/0000:00:08.1/0000:03:00.3/usb1/1-4/1-4.2"
2025-04-05T21:42:22.622734+03:00 bandur-mihai-BOHK-WAX9X kernel: efi: Not removing mem61: MMIO range=[0xfee00000-0xfee00fff] (4KB) from e820 map
2025-04-05T21:42:22.622735+03:00 bandur-mihai-BOHK-WAX9X kernel: efi: Remove mem62: MMIO range=[0xff800000-0xfff3ffff] (7MB) from e820 map
2025-04-05T21:42:22.622736+03:00 bandur-mihai-BOHK-WAX9X kernel: e820: remove [mem 0xff800000-0xfff3ffff] reserved
2025-04-05T21:42:22.622737+03:00 bandur-mihai-BOHK-WAX9X kernel: SMBIOS 3.11.1 present.
2025-04-05T21:42:22.622738+03:00 bandur-mihai-BOHK-WAX9X kernel: DMI: HUAWEI BOHK-WAX9X/BOHK-WAX9X-PCB, BIOS 1.19 01/06/2023
2025-04-05T21:42:22.622738+03:00 bandur-mihai-BOHK-WAX9X mtp-probe: bus: 1, device: 4 was not an MTP device
2025-04-05T21:42:22.622742+03:00 bandur-mihai-BOHK-WAX9X kernel: DMI: Memory slots populated: 2/2
2025-04-05T21:42:22.622745+03:00 bandur-mihai-BOHK-WAX9X kernel: secureboot: Secure boot disabled
2025-04-05T21:42:22.622746+03:00 bandur-mihai-BOHK-WAX9X kernel: tsc: Fast TSC calibration using PIT
2025-04-05T21:42:22.622747+03:00 bandur-mihai-BOHK-WAX9X kernel: tsc: Detected 2096.227 MHz processor
2025-04-05T21:42:22.622748+03:00 bandur-mihai-BOHK-WAX9X kernel: e820: update [mem 0x00000000-0x00000fff] usable ==> reserved
2025-04-05T21:42:22.622749+03:00 bandur-mihai-BOHK-WAX9X kernel: e820: remove [mem 0x000a0000-0x000fffff] usable
2025-04-05T21:42:22.622747+03:00 bandur-mihai-BOHK-WAX9X systemd[1]: Found device dev-disk-by\x2duuid-F1EB\x2dC7F2.device - WDC PC SN730 SDBPNTY-256G-1027 1.
2025-04-05T21:42:22.622753+03:00 bandur-mihai-BOHK-WAX9X kernel: last_pfn = 0x20f000 max_arch_pfn = 0x400000000
2025-04-05T21:42:22.622754+03:00 bandur-mihai-BOHK-WAX9X kernel: MTRR map: 7 entries (4 fixed + 3 variable; max 21), built from 9 variable MTRRs
2025-04-05T21:42:22.622755+03:00 bandur-mihai-BOHK-WAX9X kernel: x86/PAT: Configuration [0-7]: WB  WC  UC- UC  WB  WP  UC- WT  
2025-04-05T21:42:22.622756+03:00 bandur-mihai-BOHK-WAX9X kernel: last_pfn = 0xaf800 max_arch_pfn = 0x400000000
2025-04-05T21:42:22.622757+03:00 bandur-mihai-BOHK-WAX9X kernel: esrt: Reserving ESRT space from 0x00000000ae2dc018 to 0x00000000ae2dc050.
2025-04-05T21:42:22.622758+03:00 bandur-mihai-BOHK-WAX9X kernel: Using GB pages for direct mapping
2025-04-05T21:42:22.622759+03:00 bandur-mihai-BOHK-WAX9X kernel: secureboot: Secure boot disabled
2025-04-05T21:42:22.622755+03:00 bandur-mihai-BOHK-WAX9X systemd[1]: Starting plymouth-start.service - Show Plymouth Boot Screen...
2025-04-05T21:42:22.622763+03:00 bandur-mihai-BOHK-WAX9X kernel: RAMDISK: [mem 0x87805000-0x8b938fff]
2025-04-05T21:42:22.622765+03:00 bandur-mihai-BOHK-WAX9X kernel: ACPI: Early table checksum verification disabled
2025-04-05T21:42:22.622765+03:00 bandur-mihai-BOHK-WAX9X kernel: ACPI: RSDP 0x00000000AF7FE014 000024 (v02 HUAWEI)
2025-04-05T21:42:22.622766+03:00 bandur-mihai-BOHK-WAX9X kernel: ACPI: XSDT 0x00000000AF7CA188 0000F4 (v01 HUAWEI EDK2     00000002      01000013)
2025-04-05T21:42:22.622763+03:00 bandur-mihai-BOHK-WAX9X systemd[1]: Starting systemd-fsck@dev-disk-by\x2duuid-F1EB\x2dC7F2.service - File System Check on /dev/disk/by-uuid/F1EB-C7F2...
2025-04-05T21:42:22.622767+03:00 bandur-mihai-BOHK-WAX9X kernel: ACPI: FACP 0x00000000AF7F3000 00010C (v05 HUAWEI EDK2     00000002 ACPI 00040000)
2025-04-05T21:42:22.622769+03:00 bandur-mihai-BOHK-WAX9X kernel: ACPI: DSDT 0x00000000AF7E2000 00A2F9 (v01 HUAWEI EDK2     00000002 ACPI 00040000)
2025-04-05T21:42:22.622773+03:00 bandur-mihai-BOHK-WAX9X kernel: ACPI: FACS 0x00000000AF357000 000040
2025-04-05T21:42:22.622774+03:00 bandur-mihai-BOHK-WAX9X kernel: ACPI: UEFI 0x00000000AF77D000 000236 (v01 HUAWEI EDK2     00000001 ACPI 00040000)
2025-04-05T21:42:22.622775+03:00 bandur-mihai-BOHK-WAX9X kernel: ACPI: SSDT 0x00000000AF7F7000 005419 (v02 HUAWEI EDK2     00000002 ACPI 00040000)
2025-04-05T21:42:22.622771+03:00 bandur-mihai-BOHK-WAX9X systemd[1]: Starting systemd-journal-flush.service - Flush Journal to Persistent Storage...
2025-04-05T21:42:22.622782+03:00 bandur-mihai-BOHK-WAX9X systemd[1]: Started systemd-fsckd.service - File System Check Daemon to report status.
2025-04-05T21:42:22.622790+03:00 bandur-mihai-BOHK-WAX9X systemd-fsck[506]: fsck.fat 4.2 (2021-01-31)
2025-04-05T21:42:22.622796+03:00 bandur-mihai-BOHK-WAX9X systemd-fsck[506]: /dev/nvme0n1p1: 11 files, 1571/274658 clusters
2025-04-05T21:42:22.622804+03:00 bandur-mihai-BOHK-WAX9X systemd[1]: Started plymouth-start.service - Show Plymouth Boot Screen.
2025-04-05T21:42:22.622811+03:00 bandur-mihai-BOHK-WAX9X mtp-probe: checking bus 1, device 3: "/sys/devices/pci0000:00/0000:00:08.1/0000:03:00.3/usb1/1-4/1-4.1"
2025-04-05T21:42:22.622818+03:00 bandur-mihai-BOHK-WAX9X systemd[1]: systemd-ask-password-console.path - Dispatch Password Requests to Console Directory Watch was skipped because of an unmet condition check (ConditionPathExists=!/run/plymouth/pid).
2025-04-05T21:42:22.622829+03:00 bandur-mihai-BOHK-WAX9X mtp-probe: bus: 1, device: 3 was not an MTP device
2025-04-05T21:42:22.622836+03:00 bandur-mihai-BOHK-WAX9X systemd[1]: Started systemd-ask-password-plymouth.path - Forward Password Requests to Plymouth Directory Watch.
2025-04-05T21:42:22.622843+03:00 bandur-mihai-BOHK-WAX9X systemd[1]: Reached target cryptsetup.target - Local Encrypted Volumes.
2025-04-05T21:42:22.622850+03:00 bandur-mihai-BOHK-WAX9X systemd[1]: Finished systemd-fsck@dev-disk-by\x2duuid-F1EB\x2dC7F2.service - File System Check on /dev/disk/by-uuid/F1EB-C7F2.
2025-04-05T21:42:22.622857+03:00 bandur-mihai-BOHK-WAX9X systemd[1]: Listening on systemd-rfkill.socket - Load/Save RF Kill Switch Status /dev/rfkill Watch.
2025-04-05T21:42:22.622869+03:00 bandur-mihai-BOHK-WAX9X systemd[1]: Finished systemd-journal-flush.service - Flush Journal to Persistent Storage.
2025-04-05T21:42:22.622876+03:00 bandur-mihai-BOHK-WAX9X systemd[1]: systemd-ask-password-console.path - Dispatch Password Requests to Console Directory Watch was skipped because of an unmet condition check (ConditionPathExists=!/run/plymouth/pid).
2025-04-05T21:42:22.622883+03:00 bandur-mihai-BOHK-WAX9X systemd[1]: Starting modprobe@dm_mod.service - Load Kernel Module dm_mod...
2025-04-05T21:42:22.622890+03:00 bandur-mihai-BOHK-WAX9X systemd[1]: Starting modprobe@efi_pstore.service - Load Kernel Module efi_pstore...
2025-04-05T21:42:22.622897+03:00 bandur-mihai-BOHK-WAX9X systemd[1]: Starting modprobe@loop.service - Load Kernel Module loop...
2025-04-05T21:42:22.622903+03:00 bandur-mihai-BOHK-WAX9X systemd[1]: systemd-fsck-root.service - File System Check on Root Device was skipped because of an unmet condition check (ConditionPathExists=!/run/initramfs/fsck-root).
2025-04-05T21:42:22.622915+03:00 bandur-mihai-BOHK-WAX9X systemd[1]: systemd-hwdb-update.service - Rebuild Hardware Database was skipped because of an unmet condition check (ConditionNeedsUpdate=/etc).
2025-04-05T21:42:22.622922+03:00 bandur-mihai-BOHK-WAX9X systemd[1]: systemd-pcrmachine.service - TPM2 PCR Machine ID Measurement was skipped because of an unmet condition check (ConditionSecurity=measured-uki).
2025-04-05T21:42:22.622929+03:00 bandur-mihai-BOHK-WAX9X systemd[1]: systemd-sysusers.service - Create System Users was skipped because no trigger condition checks were met.
2025-04-05T21:42:22.622937+03:00 bandur-mihai-BOHK-WAX9X kernel: ACPI: MSDM 0x00000000AF7F6000 000055 (v03 HUAWEI EDK2     00000001 ACPI 00040000)
2025-04-05T21:42:22.622938+03:00 bandur-mihai-BOHK-WAX9X kernel: ACPI: ASF! 0x00000000AF7F5000 0000A5 (v32 HUAWEI EDK2     00000002 ACPI 00040000)
2025-04-05T21:42:22.622936+03:00 bandur-mihai-BOHK-WAX9X systemd[1]: systemd-tpm2-setup-early.service - TPM2 SRK Setup (Early) was skipped because of an unmet condition check (ConditionSecurity=measured-uki).
2025-04-05T21:42:22.622939+03:00 bandur-mihai-BOHK-WAX9X kernel: ACPI: BOOT 0x00000000AF7F4000 000028 (v01 HUAWEI EDK2     00000002 ACPI 00040000)
2025-04-05T21:42:22.622940+03:00 bandur-mihai-BOHK-WAX9X kernel: ACPI: HPET 0x00000000AF7F2000 000038 (v01 HUAWEI EDK2     00000002 ACPI 00040000)
2025-04-05T21:42:22.622945+03:00 bandur-mihai-BOHK-WAX9X kernel: ACPI: APIC 0x00000000AF7F1000 000138 (v03 HUAWEI EDK2     00000002 ACPI 00040000)
2025-04-05T21:42:22.622947+03:00 bandur-mihai-BOHK-WAX9X kernel: ACPI: MCFG 0x00000000AF7F0000 00003C (v01 HUAWEI EDK2     00000002 ACPI 00040000)
2025-04-05T21:42:22.622947+03:00 bandur-mihai-BOHK-WAX9X kernel: ACPI: WSMT 0x00000000AF7ED000 000028 (v01 HUAWEI EDK2     00000002 ACPI 00040000)
2025-04-05T21:42:22.622948+03:00 bandur-mihai-BOHK-WAX9X kernel: ACPI: SSDT 0x00000000AF7E1000 000080 (v01 HUAWEI EDK2     00000002 ACPI 00040000)
2025-04-05T21:42:22.622949+03:00 bandur-mihai-BOHK-WAX9X kernel: ACPI: VFCT 0x00000000AF7D2000 00D484 (v01 HUAWEI EDK2     00000001 ACPI 00040000)
2025-04-05T21:42:22.622943+03:00 bandur-mihai-BOHK-WAX9X systemd[1]: systemd-tpm2-setup.service - TPM2 SRK Setup was skipped because of an unmet condition check (ConditionSecurity=measured-uki).
2025-04-05T21:42:22.622950+03:00 bandur-mihai-BOHK-WAX9X kernel: ACPI: SSDT 0x00000000AF7D1000 00046D (v01 HUAWEI EDK2     00001000 ACPI 00040000)
2025-04-05T21:42:22.622955+03:00 bandur-mihai-BOHK-WAX9X kernel: ACPI: TPM2 0x00000000AF7D0000 000034 (v04 HUAWEI EDK2     00000002 ACPI 00040000)
2025-04-05T21:42:22.622957+03:00 bandur-mihai-BOHK-WAX9X kernel: ACPI: IVRS 0x00000000AF7CF000 00013E (v02 HUAWEI EDK2     00000001 ACPI 00040000)
2025-04-05T21:42:22.622958+03:00 bandur-mihai-BOHK-WAX9X kernel: ACPI: SSDT 0x00000000AF7CD000 00119C (v01 HUAWEI EDK2     00000001 ACPI 00040000)
2025-04-05T21:42:22.622954+03:00 bandur-mihai-BOHK-WAX9X systemd[1]: modprobe@dm_mod.service: Deactivated successfully.
2025-04-05T21:42:22.622959+03:00 bandur-mihai-BOHK-WAX9X kernel: ACPI: CRAT 0x00000000AF7CC000 000810 (v01 HUAWEI EDK2     00000001 ACPI 00040000)
2025-04-05T21:42:22.622960+03:00 bandur-mihai-BOHK-WAX9X kernel: ACPI: CDIT 0x00000000AF7CB000 000029 (v01 HUAWEI EDK2     00000001 ACPI 00040000)
2025-04-05T21:42:22.622961+03:00 bandur-mihai-BOHK-WAX9X kernel: ACPI: SSDT 0x00000000AF7FD000 000A26 (v01 HUAWEI EDK2     00001000 ACPI 00040000)
2025-04-05T21:42:22.622966+03:00 bandur-mihai-BOHK-WAX9X kernel: ACPI: SSDT 0x00000000AF7C9000 000C77 (v01 HUAWEI EDK2     00000001 ACPI 00040000)
2025-04-05T21:42:22.622963+03:00 bandur-mihai-BOHK-WAX9X systemd[1]: Finished modprobe@dm_mod.service - Load Kernel Module dm_mod.
2025-04-05T21:42:22.622967+03:00 bandur-mihai-BOHK-WAX9X kernel: ACPI: SSDT 0x00000000AF7C7000 0010A5 (v01 HUAWEI EDK2     00000001 ACPI 00040000)
2025-04-05T21:42:22.622968+03:00 bandur-mihai-BOHK-WAX9X kernel: ACPI: SSDT 0x00000000AF7C5000 001C69 (v01 HUAWEI EDK2     00000001 ACPI 00040000)
2025-04-05T21:42:22.622969+03:00 bandur-mihai-BOHK-WAX9X kernel: ACPI: FPDT 0x00000000AF7C4000 000044 (v01 HUAWEI EDK2     00000002 ACPI 00040000)
2025-04-05T21:42:22.622970+03:00 bandur-mihai-BOHK-WAX9X kernel: ACPI: SSDT 0x00000000AF7EF000 000164 (v01 HUAWEI EDK2     00001000 ACPI 00040000)
2025-04-05T21:42:22.622971+03:00 bandur-mihai-BOHK-WAX9X kernel: ACPI: SSDT 0x00000000AF7EE000 0002EA (v01 HUAWEI EDK2     00000001 ACPI 00040000)
2025-04-05T21:42:22.622971+03:00 bandur-mihai-BOHK-WAX9X kernel: ACPI: BGRT 0x00000000AF7C3000 000038 (v01 HUAWEI EDK2     00000001 ACPI 00040000)
2025-04-05T21:42:22.622971+03:00 bandur-mihai-BOHK-WAX9X systemd[1]: modprobe@efi_pstore.service: Deactivated successfully.
2025-04-05T21:42:22.622976+03:00 bandur-mihai-BOHK-WAX9X kernel: ACPI: Reserving FACP table memory at [mem 0xaf7f3000-0xaf7f310b]
2025-04-05T21:42:22.622977+03:00 bandur-mihai-BOHK-WAX9X kernel: ACPI: Reserving DSDT table memory at [mem 0xaf7e2000-0xaf7ec2f8]
2025-04-05T21:42:22.622978+03:00 bandur-mihai-BOHK-WAX9X kernel: ACPI: Reserving FACS table memory at [mem 0xaf357000-0xaf35703f]
2025-04-05T21:42:22.622979+03:00 bandur-mihai-BOHK-WAX9X kernel: ACPI: Reserving UEFI table memory at [mem 0xaf77d000-0xaf77d235]
2025-04-05T21:42:22.622980+03:00 bandur-mihai-BOHK-WAX9X kernel: ACPI: Reserving SSDT table memory at [mem 0xaf7f7000-0xaf7fc418]
2025-04-05T21:42:22.622978+03:00 bandur-mihai-BOHK-WAX9X systemd[1]: Finished modprobe@efi_pstore.service - Load Kernel Module efi_pstore.
2025-04-05T21:42:22.622981+03:00 bandur-mihai-BOHK-WAX9X kernel: ACPI: Reserving MSDM table memory at [mem 0xaf7f6000-0xaf7f6054]
2025-04-05T21:42:22.622985+03:00 bandur-mihai-BOHK-WAX9X systemd[1]: modprobe@loop.service: Deactivated successfully.
2025-04-05T21:42:22.622994+03:00 bandur-mihai-BOHK-WAX9X kernel: ACPI: Reserving ASF! table memory at [mem 0xaf7f5000-0xaf7f50a4]
2025-04-05T21:42:22.622995+03:00 bandur-mihai-BOHK-WAX9X kernel: ACPI: Reserving BOOT table memory at [mem 0xaf7f4000-0xaf7f4027]
2025-04-05T21:42:22.622998+03:00 bandur-mihai-BOHK-WAX9X kernel: ACPI: Reserving HPET table memory at [mem 0xaf7f2000-0xaf7f2037]
2025-04-05T21:42:22.622999+03:00 bandur-mihai-BOHK-WAX9X kernel: ACPI: Reserving APIC table memory at [mem 0xaf7f1000-0xaf7f1137]
2025-04-05T21:42:22.623000+03:00 bandur-mihai-BOHK-WAX9X kernel: ACPI: Reserving MCFG table memory at [mem 0xaf7f0000-0xaf7f003b]
2025-04-05T21:42:22.623001+03:00 bandur-mihai-BOHK-WAX9X kernel: ACPI: Reserving WSMT table memory at [mem 0xaf7ed000-0xaf7ed027]
2025-04-05T21:42:22.622992+03:00 bandur-mihai-BOHK-WAX9X systemd[1]: Finished modprobe@loop.service - Load Kernel Module loop.
2025-04-05T21:42:22.623002+03:00 bandur-mihai-BOHK-WAX9X kernel: ACPI: Reserving SSDT table memory at [mem 0xaf7e1000-0xaf7e107f]
2025-04-05T21:42:22.623006+03:00 bandur-mihai-BOHK-WAX9X kernel: ACPI: Reserving VFCT table memory at [mem 0xaf7d2000-0xaf7df483]
2025-04-05T21:42:22.623007+03:00 bandur-mihai-BOHK-WAX9X kernel: ACPI: Reserving SSDT table memory at [mem 0xaf7d1000-0xaf7d146c]
2025-04-05T21:42:22.623008+03:00 bandur-mihai-BOHK-WAX9X kernel: ACPI: Reserving TPM2 table memory at [mem 0xaf7d0000-0xaf7d0033]
2025-04-05T21:42:22.623009+03:00 bandur-mihai-BOHK-WAX9X kernel: ACPI: Reserving IVRS table memory at [mem 0xaf7cf000-0xaf7cf13d]
2025-04-05T21:42:22.623006+03:00 bandur-mihai-BOHK-WAX9X systemd[1]: systemd-ask-password-console.path - Dispatch Password Requests to Console Directory Watch was skipped because of an unmet condition check (ConditionPathExists=!/run/plymouth/pid).
2025-04-05T21:42:22.623010+03:00 bandur-mihai-BOHK-WAX9X kernel: ACPI: Reserving SSDT table memory at [mem 0xaf7cd000-0xaf7ce19b]
2025-04-05T21:42:22.623011+03:00 bandur-mihai-BOHK-WAX9X kernel: ACPI: Reserving CRAT table memory at [mem 0xaf7cc000-0xaf7cc80f]
2025-04-05T21:42:22.623015+03:00 bandur-mihai-BOHK-WAX9X kernel: ACPI: Reserving CDIT table memory at [mem 0xaf7cb000-0xaf7cb028]
2025-04-05T21:42:22.623013+03:00 bandur-mihai-BOHK-WAX9X systemd[1]: Starting modprobe@dm_mod.service - Load Kernel Module dm_mod...
2025-04-05T21:42:22.623016+03:00 bandur-mihai-BOHK-WAX9X kernel: ACPI: Reserving SSDT table memory at [mem 0xaf7fd000-0xaf7fda25]
2025-04-05T21:42:22.623018+03:00 bandur-mihai-BOHK-WAX9X kernel: ACPI: Reserving SSDT table memory at [mem 0xaf7c9000-0xaf7c9c76]
2025-04-05T21:42:22.623019+03:00 bandur-mihai-BOHK-WAX9X kernel: ACPI: Reserving SSDT table memory at [mem 0xaf7c7000-0xaf7c80a4]
2025-04-05T21:42:22.623020+03:00 bandur-mihai-BOHK-WAX9X kernel: ACPI: Reserving SSDT table memory at [mem 0xaf7c5000-0xaf7c6c68]
2025-04-05T21:42:22.623021+03:00 bandur-mihai-BOHK-WAX9X kernel: ACPI: Reserving FPDT table memory at [mem 0xaf7c4000-0xaf7c4043]
2025-04-05T21:42:22.623020+03:00 bandur-mihai-BOHK-WAX9X systemd[1]: Starting modprobe@efi_pstore.service - Load Kernel Module efi_pstore...
2025-04-05T21:42:22.623026+03:00 bandur-mihai-BOHK-WAX9X kernel: ACPI: Reserving SSDT table memory at [mem 0xaf7ef000-0xaf7ef163]
2025-04-05T21:42:22.623027+03:00 bandur-mihai-BOHK-WAX9X kernel: ACPI: Reserving SSDT table memory at [mem 0xaf7ee000-0xaf7ee2e9]
2025-04-05T21:42:22.623028+03:00 bandur-mihai-BOHK-WAX9X kernel: ACPI: Reserving BGRT table memory at [mem 0xaf7c3000-0xaf7c3037]
2025-04-05T21:42:22.623028+03:00 bandur-mihai-BOHK-WAX9X kernel: No NUMA configuration found
2025-04-05T21:42:22.623029+03:00 bandur-mihai-BOHK-WAX9X kernel: Faking a node at [mem 0x0000000000000000-0x000000020effffff]
2025-04-05T21:42:22.623030+03:00 bandur-mihai-BOHK-WAX9X kernel: NODE_DATA(0) allocated [mem 0x20efd3000-0x20effdfff]
2025-04-05T21:42:22.623028+03:00 bandur-mihai-BOHK-WAX9X systemd[1]: Starting modprobe@loop.service - Load Kernel Module loop...
2025-04-05T21:42:22.623031+03:00 bandur-mihai-BOHK-WAX9X kernel: Zone ranges:
2025-04-05T21:42:22.623036+03:00 bandur-mihai-BOHK-WAX9X kernel:   DMA      [mem 0x0000000000001000-0x0000000000ffffff]
2025-04-05T21:42:22.623037+03:00 bandur-mihai-BOHK-WAX9X kernel:   DMA32    [mem 0x0000000001000000-0x00000000ffffffff]
2025-04-05T21:42:22.623038+03:00 bandur-mihai-BOHK-WAX9X kernel:   Normal   [mem 0x0000000100000000-0x000000020effffff]
2025-04-05T21:42:22.623039+03:00 bandur-mihai-BOHK-WAX9X kernel:   Device   empty
2025-04-05T21:42:22.623040+03:00 bandur-mihai-BOHK-WAX9X kernel: Movable zone start for each node
2025-04-05T21:42:22.623041+03:00 bandur-mihai-BOHK-WAX9X kernel: Early memory node ranges
2025-04-05T21:42:22.623035+03:00 bandur-mihai-BOHK-WAX9X systemd[1]: systemd-fsck-root.service - File System Check on Root Device was skipped because of an unmet condition check (ConditionPathExists=!/run/initramfs/fsck-root).
2025-04-05T21:42:22.623045+03:00 bandur-mihai-BOHK-WAX9X kernel:   node   0: [mem 0x0000000000001000-0x0000000000086fff]
2025-04-05T21:42:22.623046+03:00 bandur-mihai-BOHK-WAX9X kernel:   node   0: [mem 0x0000000000088000-0x000000000009ffff]
2025-04-05T21:42:22.623047+03:00 bandur-mihai-BOHK-WAX9X kernel:   node   0: [mem 0x0000000000100000-0x0000000009afffff]
2025-04-05T21:42:22.623048+03:00 bandur-mihai-BOHK-WAX9X kernel:   node   0: [mem 0x0000000009e00000-0x0000000009efffff]
2025-04-05T21:42:22.623049+03:00 bandur-mihai-BOHK-WAX9X kernel:   node   0: [mem 0x0000000009f0b000-0x00000000970f8fff]
2025-04-05T21:42:22.623050+03:00 bandur-mihai-BOHK-WAX9X kernel:   node   0: [mem 0x0000000097af9000-0x00000000add0efff]
2025-04-05T21:42:22.623047+03:00 bandur-mihai-BOHK-WAX9X systemd[1]: systemd-hwdb-update.service - Rebuild Hardware Database was skipped because of an unmet condition check (ConditionNeedsUpdate=/etc).
2025-04-05T21:42:22.623051+03:00 bandur-mihai-BOHK-WAX9X kernel:   node   0: [mem 0x00000000af7ff000-0x00000000af7fffff]
2025-04-05T21:42:22.623055+03:00 bandur-mihai-BOHK-WAX9X kernel:   node   0: [mem 0x0000000100000000-0x000000020effffff]
2025-04-05T21:42:22.623056+03:00 bandur-mihai-BOHK-WAX9X kernel: Initmem setup node 0 [mem 0x0000000000001000-0x000000020effffff]
2025-04-05T21:42:22.623057+03:00 bandur-mihai-BOHK-WAX9X kernel: On node 0, zone DMA: 1 pages in unavailable ranges
2025-04-05T21:42:22.623054+03:00 bandur-mihai-BOHK-WAX9X systemd[1]: systemd-pcrmachine.service - TPM2 PCR Machine ID Measurement was skipped because of an unmet condition check (ConditionSecurity=measured-uki).
2025-04-05T21:42:22.623059+03:00 bandur-mihai-BOHK-WAX9X kernel: On node 0, zone DMA: 1 pages in unavailable ranges
2025-04-05T21:42:22.623063+03:00 bandur-mihai-BOHK-WAX9X kernel: On node 0, zone DMA: 96 pages in unavailable ranges
2025-04-05T21:42:22.623064+03:00 bandur-mihai-BOHK-WAX9X kernel: On node 0, zone DMA32: 768 pages in unavailable ranges
2025-04-05T21:42:22.623063+03:00 bandur-mihai-BOHK-WAX9X systemd[1]: Starting systemd-rfkill.service - Load/Save RF Kill Switch Status...
2025-04-05T21:42:22.623068+03:00 bandur-mihai-BOHK-WAX9X kernel: On node 0, zone DMA32: 11 pages in unavailable ranges
2025-04-05T21:42:22.623070+03:00 bandur-mihai-BOHK-WAX9X kernel: On node 0, zone DMA32: 2560 pages in unavailable ranges
2025-04-05T21:42:22.623071+03:00 bandur-mihai-BOHK-WAX9X kernel: On node 0, zone DMA32: 6896 pages in unavailable ranges
2025-04-05T21:42:22.623072+03:00 bandur-mihai-BOHK-WAX9X kernel: On node 0, zone Normal: 2048 pages in unavailable ranges
2025-04-05T21:42:22.623070+03:00 bandur-mihai-BOHK-WAX9X systemd[1]: systemd-sysusers.service - Create System Users was skipped because no trigger condition checks were met.
2025-04-05T21:42:22.623072+03:00 bandur-mihai-BOHK-WAX9X kernel: On node 0, zone Normal: 4096 pages in unavailable ranges
2025-04-05T21:42:22.623076+03:00 bandur-mihai-BOHK-WAX9X kernel: ACPI: PM-Timer IO Port: 0x408
2025-04-05T21:42:22.623080+03:00 bandur-mihai-BOHK-WAX9X kernel: CPU topo: Ignoring hot-pluggable APIC ID 0 in present package.
2025-04-05T21:42:22.623081+03:00 bandur-mihai-BOHK-WAX9X kernel: ACPI: LAPIC_NMI (acpi_id[0x00] high edge lint[0x1])
2025-04-05T21:42:22.623078+03:00 bandur-mihai-BOHK-WAX9X systemd[1]: systemd-tpm2-setup-early.service - TPM2 SRK Setup (Early) was skipped because of an unmet condition check (ConditionSecurity=measured-uki).
2025-04-05T21:42:22.623082+03:00 bandur-mihai-BOHK-WAX9X kernel: ACPI: LAPIC_NMI (acpi_id[0x01] high edge lint[0x1])
2025-04-05T21:42:22.623083+03:00 bandur-mihai-BOHK-WAX9X kernel: ACPI: LAPIC_NMI (acpi_id[0x02] high edge lint[0x1])
2025-04-05T21:42:22.623084+03:00 bandur-mihai-BOHK-WAX9X kernel: ACPI: LAPIC_NMI (acpi_id[0x03] high edge lint[0x1])
2025-04-05T21:42:22.623085+03:00 bandur-mihai-BOHK-WAX9X kernel: ACPI: LAPIC_NMI (acpi_id[0x04] high edge lint[0x1])
2025-04-05T21:42:22.623086+03:00 bandur-mihai-BOHK-WAX9X kernel: ACPI: LAPIC_NMI (acpi_id[0x05] high edge lint[0x1])
2025-04-05T21:42:22.623091+03:00 bandur-mihai-BOHK-WAX9X kernel: ACPI: LAPIC_NMI (acpi_id[0x06] high edge lint[0x1])
2025-04-05T21:42:22.623092+03:00 bandur-mihai-BOHK-WAX9X kernel: ACPI: LAPIC_NMI (acpi_id[0x07] high edge lint[0x1])
2025-04-05T21:42:22.623093+03:00 bandur-mihai-BOHK-WAX9X kernel: ACPI: LAPIC_NMI (acpi_id[0x08] high edge lint[0x1])
2025-04-05T21:42:22.623085+03:00 bandur-mihai-BOHK-WAX9X systemd[1]: systemd-tpm2-setup.service - TPM2 SRK Setup was skipped because of an unmet condition check (ConditionSecurity=measured-uki).
2025-04-05T21:42:22.623094+03:00 bandur-mihai-BOHK-WAX9X kernel: ACPI: LAPIC_NMI (acpi_id[0x09] high edge lint[0x1])
2025-04-05T21:42:22.623095+03:00 bandur-mihai-BOHK-WAX9X kernel: ACPI: LAPIC_NMI (acpi_id[0x0a] high edge lint[0x1])
2025-04-05T21:42:22.623096+03:00 bandur-mihai-BOHK-WAX9X kernel: ACPI: LAPIC_NMI (acpi_id[0x0b] high edge lint[0x1])
2025-04-05T21:42:22.623100+03:00 bandur-mihai-BOHK-WAX9X kernel: ACPI: LAPIC_NMI (acpi_id[0x0c] high edge lint[0x1])
2025-04-05T21:42:22.623098+03:00 bandur-mihai-BOHK-WAX9X systemd[1]: modprobe@dm_mod.service: Deactivated successfully.
2025-04-05T21:42:22.623101+03:00 bandur-mihai-BOHK-WAX9X kernel: ACPI: LAPIC_NMI (acpi_id[0x0d] high edge lint[0x1])
2025-04-05T21:42:22.623102+03:00 bandur-mihai-BOHK-WAX9X kernel: ACPI: LAPIC_NMI (acpi_id[0x0e] high edge lint[0x1])
2025-04-05T21:42:22.623103+03:00 bandur-mihai-BOHK-WAX9X kernel: ACPI: LAPIC_NMI (acpi_id[0x0f] high edge lint[0x1])
2025-04-05T21:42:22.623104+03:00 bandur-mihai-BOHK-WAX9X kernel: IOAPIC[0]: apic_id 33, version 33, address 0xfec00000, GSI 0-23
2025-04-05T21:42:22.623105+03:00 bandur-mihai-BOHK-WAX9X kernel: IOAPIC[1]: apic_id 34, version 33, address 0xfec01000, GSI 24-55
2025-04-05T21:42:22.623105+03:00 bandur-mihai-BOHK-WAX9X systemd[1]: Finished modprobe@dm_mod.service - Load Kernel Module dm_mod.
2025-04-05T21:42:22.623110+03:00 bandur-mihai-BOHK-WAX9X kernel: ACPI: INT_SRC_OVR (bus 0 bus_irq 0 global_irq 2 dfl dfl)
2025-04-05T21:42:22.623111+03:00 bandur-mihai-BOHK-WAX9X kernel: ACPI: INT_SRC_OVR (bus 0 bus_irq 9 global_irq 9 low level)
2025-04-05T21:42:22.623112+03:00 bandur-mihai-BOHK-WAX9X systemd[1]: modprobe@efi_pstore.service: Deactivated successfully.
2025-04-05T21:42:22.623119+03:00 bandur-mihai-BOHK-WAX9X systemd[1]: Finished modprobe@efi_pstore.service - Load Kernel Module efi_pstore.
2025-04-05T21:42:22.623126+03:00 bandur-mihai-BOHK-WAX9X systemd[1]: modprobe@loop.service: Deactivated successfully.
2025-04-05T21:42:22.623133+03:00 bandur-mihai-BOHK-WAX9X systemd[1]: Finished modprobe@loop.service - Load Kernel Module loop.
2025-04-05T21:42:22.623155+03:00 bandur-mihai-BOHK-WAX9X systemd[1]: Started systemd-rfkill.service - Load/Save RF Kill Switch Status.
2025-04-05T21:42:22.623162+03:00 bandur-mihai-BOHK-WAX9X systemd[1]: systemd-ask-password-console.path - Dispatch Password Requests to Console Directory Watch was skipped because of an unmet condition check (ConditionPathExists=!/run/plymouth/pid).
2025-04-05T21:42:22.623169+03:00 bandur-mihai-BOHK-WAX9X systemd[1]: Mounting boot-efi.mount - /boot/efi...
2025-04-05T21:42:22.623177+03:00 bandur-mihai-BOHK-WAX9X systemd[1]: Starting modprobe@dm_mod.service - Load Kernel Module dm_mod...
2025-04-05T21:42:22.623184+03:00 bandur-mihai-BOHK-WAX9X systemd[1]: Starting modprobe@efi_pstore.service - Load Kernel Module efi_pstore...
2025-04-05T21:42:22.623195+03:00 bandur-mihai-BOHK-WAX9X systemd[1]: Starting modprobe@loop.service - Load Kernel Module loop...
2025-04-05T21:42:22.623218+03:00 bandur-mihai-BOHK-WAX9X systemd[1]: systemd-fsck-root.service - File System Check on Root Device was skipped because of an unmet condition check (ConditionPathExists=!/run/initramfs/fsck-root).
2025-04-05T21:42:22.623225+03:00 bandur-mihai-BOHK-WAX9X systemd[1]: systemd-hwdb-update.service - Rebuild Hardware Database was skipped because of an unmet condition check (ConditionNeedsUpdate=/etc).
2025-04-05T21:42:22.623232+03:00 bandur-mihai-BOHK-WAX9X systemd[1]: systemd-pcrmachine.service - TPM2 PCR Machine ID Measurement was skipped because of an unmet condition check (ConditionSecurity=measured-uki).
2025-04-05T21:42:22.623239+03:00 bandur-mihai-BOHK-WAX9X systemd[1]: systemd-sysusers.service - Create System Users was skipped because no trigger condition checks were met.
2025-04-05T21:42:22.623246+03:00 bandur-mihai-BOHK-WAX9X systemd[1]: systemd-tpm2-setup-early.service - TPM2 SRK Setup (Early) was skipped because of an unmet condition check (ConditionSecurity=measured-uki).
